Archive member included to satisfy reference by file (symbol)

d:/arm/gnu_arm_embedded_gcc/bin/../lib/gcc/arm-none-eabi/9.2.1/../../../../arm-none-eabi/lib/thumb/v7e-m+fp/hard\libc_nano.a(lib_a-exit.o)
                              d:/arm/gnu_arm_embedded_gcc/bin/../lib/gcc/arm-none-eabi/9.2.1/../../../../arm-none-eabi/lib/thumb/v7e-m+fp/hard/crt0.o (exit)
d:/arm/gnu_arm_embedded_gcc/bin/../lib/gcc/arm-none-eabi/9.2.1/../../../../arm-none-eabi/lib/thumb/v7e-m+fp/hard\libc_nano.a(lib_a-impure.o)
                              d:/arm/gnu_arm_embedded_gcc/bin/../lib/gcc/arm-none-eabi/9.2.1/../../../../arm-none-eabi/lib/thumb/v7e-m+fp/hard\libc_nano.a(lib_a-exit.o) (_global_impure_ptr)
d:/arm/gnu_arm_embedded_gcc/bin/../lib/gcc/arm-none-eabi/9.2.1/../../../../arm-none-eabi/lib/thumb/v7e-m+fp/hard\libc_nano.a(lib_a-init.o)
                              d:/arm/gnu_arm_embedded_gcc/bin/../lib/gcc/arm-none-eabi/9.2.1/../../../../arm-none-eabi/lib/thumb/v7e-m+fp/hard/crt0.o (__libc_init_array)
d:/arm/gnu_arm_embedded_gcc/bin/../lib/gcc/arm-none-eabi/9.2.1/../../../../arm-none-eabi/lib/thumb/v7e-m+fp/hard\libc_nano.a(lib_a-memset.o)
                              d:/arm/gnu_arm_embedded_gcc/bin/../lib/gcc/arm-none-eabi/9.2.1/../../../../arm-none-eabi/lib/thumb/v7e-m+fp/hard/crt0.o (memset)
d:/arm/gnu_arm_embedded_gcc/bin/../lib/gcc/arm-none-eabi/9.2.1/thumb/v7e-m+fp/hard\libgcc.a(unwind-arm.o)
                              D:\Users\Ma-Game\Documents\Mathis\Programmation\C++\Deep-Learning\Example-STM32_Nucleo\ARM\Release/main.o (__aeabi_unwind_cpp_pr0)
d:/arm/gnu_arm_embedded_gcc/bin/../lib/gcc/arm-none-eabi/9.2.1/thumb/v7e-m+fp/hard\libgcc.a(libunwind.o)
                              d:/arm/gnu_arm_embedded_gcc/bin/../lib/gcc/arm-none-eabi/9.2.1/thumb/v7e-m+fp/hard\libgcc.a(unwind-arm.o) (restore_core_regs)
d:/arm/gnu_arm_embedded_gcc/bin/../lib/gcc/arm-none-eabi/9.2.1/thumb/v7e-m+fp/hard\libgcc.a(pr-support.o)
                              d:/arm/gnu_arm_embedded_gcc/bin/../lib/gcc/arm-none-eabi/9.2.1/thumb/v7e-m+fp/hard\libgcc.a(unwind-arm.o) (__gnu_unwind_execute)
d:/arm/gnu_arm_embedded_gcc/bin/../lib/gcc/arm-none-eabi/9.2.1/../../../../arm-none-eabi/lib/thumb/v7e-m+fp/hard\libc_nano.a(lib_a-abort.o)
                              d:/arm/gnu_arm_embedded_gcc/bin/../lib/gcc/arm-none-eabi/9.2.1/thumb/v7e-m+fp/hard\libgcc.a(unwind-arm.o) (abort)
d:/arm/gnu_arm_embedded_gcc/bin/../lib/gcc/arm-none-eabi/9.2.1/../../../../arm-none-eabi/lib/thumb/v7e-m+fp/hard\libc_nano.a(lib_a-memcpy-stub.o)
                              d:/arm/gnu_arm_embedded_gcc/bin/../lib/gcc/arm-none-eabi/9.2.1/thumb/v7e-m+fp/hard\libgcc.a(unwind-arm.o) (memcpy)
d:/arm/gnu_arm_embedded_gcc/bin/../lib/gcc/arm-none-eabi/9.2.1/../../../../arm-none-eabi/lib/thumb/v7e-m+fp/hard\libc_nano.a(lib_a-signal.o)
                              d:/arm/gnu_arm_embedded_gcc/bin/../lib/gcc/arm-none-eabi/9.2.1/../../../../arm-none-eabi/lib/thumb/v7e-m+fp/hard\libc_nano.a(lib_a-abort.o) (raise)
d:/arm/gnu_arm_embedded_gcc/bin/../lib/gcc/arm-none-eabi/9.2.1/../../../../arm-none-eabi/lib/thumb/v7e-m+fp/hard\libc_nano.a(lib_a-signalr.o)
                              d:/arm/gnu_arm_embedded_gcc/bin/../lib/gcc/arm-none-eabi/9.2.1/../../../../arm-none-eabi/lib/thumb/v7e-m+fp/hard\libc_nano.a(lib_a-signal.o) (_kill_r)
d:/arm/gnu_arm_embedded_gcc/bin/../lib/gcc/arm-none-eabi/9.2.1/../../../../arm-none-eabi/lib/thumb/v7e-m+fp/hard\libc_nano.a(lib_a-nano-mallocr.o)
                              d:/arm/gnu_arm_embedded_gcc/bin/../lib/gcc/arm-none-eabi/9.2.1/../../../../arm-none-eabi/lib/thumb/v7e-m+fp/hard\libc_nano.a(lib_a-signal.o) (_malloc_r)
d:/arm/gnu_arm_embedded_gcc/bin/../lib/gcc/arm-none-eabi/9.2.1/../../../../arm-none-eabi/lib/thumb/v7e-m+fp/hard\libc_nano.a(lib_a-reent.o)
                              d:/arm/gnu_arm_embedded_gcc/bin/../lib/gcc/arm-none-eabi/9.2.1/../../../../arm-none-eabi/lib/thumb/v7e-m+fp/hard\libc_nano.a(lib_a-signalr.o) (errno)
d:/arm/gnu_arm_embedded_gcc/bin/../lib/gcc/arm-none-eabi/9.2.1/../../../../arm-none-eabi/lib/thumb/v7e-m+fp/hard\libc_nano.a(lib_a-sbrkr.o)
                              d:/arm/gnu_arm_embedded_gcc/bin/../lib/gcc/arm-none-eabi/9.2.1/../../../../arm-none-eabi/lib/thumb/v7e-m+fp/hard\libc_nano.a(lib_a-nano-mallocr.o) (_sbrk_r)
d:/arm/gnu_arm_embedded_gcc/bin/../lib/gcc/arm-none-eabi/9.2.1/../../../../arm-none-eabi/lib/thumb/v7e-m+fp/hard\libc_nano.a(lib_a-mlock.o)
                              d:/arm/gnu_arm_embedded_gcc/bin/../lib/gcc/arm-none-eabi/9.2.1/../../../../arm-none-eabi/lib/thumb/v7e-m+fp/hard\libc_nano.a(lib_a-nano-mallocr.o) (__malloc_lock)
d:/arm/gnu_arm_embedded_gcc/bin/../lib/gcc/arm-none-eabi/9.2.1/../../../../arm-none-eabi/lib/thumb/v7e-m+fp/hard\libc_nano.a(lib_a-nano-freer.o)
                              d:/arm/gnu_arm_embedded_gcc/bin/../lib/gcc/arm-none-eabi/9.2.1/../../../../arm-none-eabi/lib/thumb/v7e-m+fp/hard\libc_nano.a(lib_a-reent.o) (_free_r)
[...]
Memory Configuration

Name             Origin             Length             Attributes
RAM              0x0000000020000000 0x0000000000004000 xrw
FLASH            0x0000000008000000 0x0000000000010000 xr
*default*        0x0000000000000000 0xffffffffffffffff

Linker script and memory map

LOAD d:/arm/gnu_arm_embedded_gcc/bin/../lib/gcc/arm-none-eabi/9.2.1/thumb/v7e-m+fp/hard/crti.o
LOAD d:/arm/gnu_arm_embedded_gcc/bin/../lib/gcc/arm-none-eabi/9.2.1/thumb/v7e-m+fp/hard/crtbegin.o
LOAD d:/arm/gnu_arm_embedded_gcc/bin/../lib/gcc/arm-none-eabi/9.2.1/../../../../arm-none-eabi/lib/thumb/v7e-m+fp/hard/crt0.o
LOAD D:\Users\Ma-Game\Documents\Mathis\Programmation\C++\Deep-Learning\Example-STM32_Nucleo\ARM\Release/stm32f3xx_it.o
LOAD D:\Users\Ma-Game\Documents\Mathis\Programmation\C++\Deep-Learning\Example-STM32_Nucleo\ARM\Release/stm32f3xx_hal_msp.o
LOAD D:\Users\Ma-Game\Documents\Mathis\Programmation\C++\Deep-Learning\Example-STM32_Nucleo\ARM\Release/stm32f3xx_hal_tim.o
LOAD D:\Users\Ma-Game\Documents\Mathis\Programmation\C++\Deep-Learning\Example-STM32_Nucleo\ARM\Release/stm32f3xx_hal_tim_ex.o
LOAD D:\Users\Ma-Game\Documents\Mathis\Programmation\C++\Deep-Learning\Example-STM32_Nucleo\ARM\Release/stm32f3xx_hal_uart.o
LOAD D:\Users\Ma-Game\Documents\Mathis\Programmation\C++\Deep-Learning\Example-STM32_Nucleo\ARM\Release/stm32f3xx_hal_uart_ex.o
LOAD D:\Users\Ma-Game\Documents\Mathis\Programmation\C++\Deep-Learning\Example-STM32_Nucleo\ARM\Release/stm32f3xx_hal.o
LOAD D:\Users\Ma-Game\Documents\Mathis\Programmation\C++\Deep-Learning\Example-STM32_Nucleo\ARM\Release/stm32f3xx_hal_rcc.o
LOAD D:\Users\Ma-Game\Documents\Mathis\Programmation\C++\Deep-Learning\Example-STM32_Nucleo\ARM\Release/stm32f3xx_hal_rcc_ex.o
LOAD D:\Users\Ma-Game\Documents\Mathis\Programmation\C++\Deep-Learning\Example-STM32_Nucleo\ARM\Release/stm32f3xx_hal_gpio.o
LOAD D:\Users\Ma-Game\Documents\Mathis\Programmation\C++\Deep-Learning\Example-STM32_Nucleo\ARM\Release/stm32f3xx_hal_dma.o
LOAD D:\Users\Ma-Game\Documents\Mathis\Programmation\C++\Deep-Learning\Example-STM32_Nucleo\ARM\Release/stm32f3xx_hal_cortex.o
LOAD D:\Users\Ma-Game\Documents\Mathis\Programmation\C++\Deep-Learning\Example-STM32_Nucleo\ARM\Release/stm32f3xx_hal_pwr.o
LOAD D:\Users\Ma-Game\Documents\Mathis\Programmation\C++\Deep-Learning\Example-STM32_Nucleo\ARM\Release/stm32f3xx_hal_pwr_ex.o
LOAD D:\Users\Ma-Game\Documents\Mathis\Programmation\C++\Deep-Learning\Example-STM32_Nucleo\ARM\Release/stm32f3xx_hal_flash.o
LOAD D:\Users\Ma-Game\Documents\Mathis\Programmation\C++\Deep-Learning\Example-STM32_Nucleo\ARM\Release/stm32f3xx_hal_flash_ex.o
LOAD D:\Users\Ma-Game\Documents\Mathis\Programmation\C++\Deep-Learning\Example-STM32_Nucleo\ARM\Release/stm32f3xx_hal_i2c.o
LOAD D:\Users\Ma-Game\Documents\Mathis\Programmation\C++\Deep-Learning\Example-STM32_Nucleo\ARM\Release/stm32f3xx_hal_i2c_ex.o
LOAD D:\Users\Ma-Game\Documents\Mathis\Programmation\C++\Deep-Learning\Example-STM32_Nucleo\ARM\Release/stm32f3xx_hal_exti.o
LOAD D:\Users\Ma-Game\Documents\Mathis\Programmation\C++\Deep-Learning\Example-STM32_Nucleo\ARM\Release/system_stm32f3xx.o
LOAD D:\Users\Ma-Game\Documents\Mathis\Programmation\C++\Deep-Learning\Example-STM32_Nucleo\ARM\Release/main.o
LOAD D:\Users\Ma-Game\Documents\Mathis\Programmation\C++\Deep-Learning\Example-STM32_Nucleo\ARM\Release/startup_stm32f302x8.o
LOAD d:/arm/gnu_arm_embedded_gcc/bin/../lib/gcc/arm-none-eabi/9.2.1/../../../../arm-none-eabi/lib/thumb/v7e-m+fp/hard\libnosys.a
LOAD d:/arm/gnu_arm_embedded_gcc/bin/../lib/gcc/arm-none-eabi/9.2.1/../../../../arm-none-eabi/lib/thumb/v7e-m+fp/hard\libstdc++_nano.a
LOAD d:/arm/gnu_arm_embedded_gcc/bin/../lib/gcc/arm-none-eabi/9.2.1/../../../../arm-none-eabi/lib/thumb/v7e-m+fp/hard\libm.a
LOAD d:/arm/gnu_arm_embedded_gcc/bin/../lib/gcc/arm-none-eabi/9.2.1/../../../../arm-none-eabi/lib/thumb/v7e-m+fp/hard\libc_nano.a
START GROUP
LOAD d:/arm/gnu_arm_embedded_gcc/bin/../lib/gcc/arm-none-eabi/9.2.1/thumb/v7e-m+fp/hard\libgcc.a
LOAD d:/arm/gnu_arm_embedded_gcc/bin/../lib/gcc/arm-none-eabi/9.2.1/../../../../arm-none-eabi/lib/thumb/v7e-m+fp/hard\libc_nano.a
END GROUP
START GROUP
LOAD d:/arm/gnu_arm_embedded_gcc/bin/../lib/gcc/arm-none-eabi/9.2.1/thumb/v7e-m+fp/hard\libgcc.a
LOAD d:/arm/gnu_arm_embedded_gcc/bin/../lib/gcc/arm-none-eabi/9.2.1/../../../../arm-none-eabi/lib/thumb/v7e-m+fp/hard\libc_nano.a
LOAD d:/arm/gnu_arm_embedded_gcc/bin/../lib/gcc/arm-none-eabi/9.2.1/../../../../arm-none-eabi/lib/thumb/v7e-m+fp/hard\libnosys.a
END GROUP
START GROUP
LOAD d:/arm/gnu_arm_embedded_gcc/bin/../lib/gcc/arm-none-eabi/9.2.1/thumb/v7e-m+fp/hard\libgcc.a
LOAD d:/arm/gnu_arm_embedded_gcc/bin/../lib/gcc/arm-none-eabi/9.2.1/../../../../arm-none-eabi/lib/thumb/v7e-m+fp/hard\libc_nano.a
LOAD d:/arm/gnu_arm_embedded_gcc/bin/../lib/gcc/arm-none-eabi/9.2.1/../../../../arm-none-eabi/lib/thumb/v7e-m+fp/hard\libnosys.a
END GROUP
LOAD d:/arm/gnu_arm_embedded_gcc/bin/../lib/gcc/arm-none-eabi/9.2.1/thumb/v7e-m+fp/hard/crtend.o
LOAD d:/arm/gnu_arm_embedded_gcc/bin/../lib/gcc/arm-none-eabi/9.2.1/thumb/v7e-m+fp/hard/crtn.o
                0x0000000020004000                _estack = 0x20004000
                0x0000000000000200                _Min_Heap_Size = 0x200
                0x0000000000000400                _Min_Stack_Size = 0x400

.isr_vector     0x0000000008000000      0x188
                0x0000000008000000                . = ALIGN (0x4)
 *(.isr_vector)
 .isr_vector    0x0000000008000000      0x188 D:\Users\Ma-Game\Documents\Mathis\Programmation\C++\Deep-Learning\Example-STM32_Nucleo\ARM\Release/startup_stm32f302x8.o
                0x0000000008000000                g_pfnVectors
                0x0000000008000188                . = ALIGN (0x4)

.text           0x0000000008000188     0x2128
                0x0000000008000188                . = ALIGN (0x4)
 *(.text)
 .text          0x0000000008000188      0x1ac d:/arm/gnu_arm_embedded_gcc/bin/../lib/gcc/arm-none-eabi/9.2.1/thumb/v7e-m+fp/hard\libgcc.a(libunwind.o)
                0x0000000008000188                __restore_core_regs
                0x0000000008000188                restore_core_regs
                0x00000000080001a0                __gnu_Unwind_Restore_VFP
                0x00000000080001a8                __gnu_Unwind_Save_VFP
                0x00000000080001b0                __gnu_Unwind_Restore_VFP_D
                0x00000000080001b8                __gnu_Unwind_Save_VFP_D
                0x00000000080001c0                __gnu_Unwind_Restore_VFP_D_16_to_31
                0x00000000080001c8                __gnu_Unwind_Save_VFP_D_16_to_31
                0x00000000080001d0                __gnu_Unwind_Restore_WMMXD
                0x0000000008000214                __gnu_Unwind_Save_WMMXD
                0x0000000008000258                __gnu_Unwind_Restore_WMMXC
                0x000000000800026c                __gnu_Unwind_Save_WMMXC
                0x0000000008000280                ___Unwind_RaiseException
                0x0000000008000280                _Unwind_RaiseException
                0x00000000080002a4                _Unwind_Resume
                0x00000000080002a4                ___Unwind_Resume
                0x00000000080002c8                _Unwind_Resume_or_Rethrow
                0x00000000080002c8                ___Unwind_Resume_or_Rethrow
                0x00000000080002ec                _Unwind_ForcedUnwind
                0x00000000080002ec                ___Unwind_ForcedUnwind
                0x0000000008000310                ___Unwind_Backtrace
                0x0000000008000310                _Unwind_Backtrace
 *(.text*)
 .text.__do_global_dtors_aux
                0x0000000008000334       0x24 d:/arm/gnu_arm_embedded_gcc/bin/../lib/gcc/arm-none-eabi/9.2.1/thumb/v7e-m+fp/hard/crtbegin.o
 .text.frame_dummy
                0x0000000008000358       0x1c d:/arm/gnu_arm_embedded_gcc/bin/../lib/gcc/arm-none-eabi/9.2.1/thumb/v7e-m+fp/hard/crtbegin.o
 .text.NMI_Handler
                0x0000000008000374        0x4 D:\Users\Ma-Game\Documents\Mathis\Programmation\C++\Deep-Learning\Example-STM32_Nucleo\ARM\Release/stm32f3xx_it.o
                0x0000000008000374                NMI_Handler
 .text.HardFault_Handler
                0x0000000008000378        0x4 D:\Users\Ma-Game\Documents\Mathis\Programmation\C++\Deep-Learning\Example-STM32_Nucleo\ARM\Release/stm32f3xx_it.o
                0x0000000008000378                HardFault_Handler
 .text.MemManage_Handler
                0x000000000800037c        0x4 D:\Users\Ma-Game\Documents\Mathis\Programmation\C++\Deep-Learning\Example-STM32_Nucleo\ARM\Release/stm32f3xx_it.o
                0x000000000800037c                MemManage_Handler
 .text.BusFault_Handler
                0x0000000008000380        0x4 D:\Users\Ma-Game\Documents\Mathis\Programmation\C++\Deep-Learning\Example-STM32_Nucleo\ARM\Release/stm32f3xx_it.o
                0x0000000008000380                BusFault_Handler
 .text.UsageFault_Handler
                0x0000000008000384        0x4 D:\Users\Ma-Game\Documents\Mathis\Programmation\C++\Deep-Learning\Example-STM32_Nucleo\ARM\Release/stm32f3xx_it.o
                0x0000000008000384                UsageFault_Handler
 .text.SVC_Handler
                0x0000000008000388        0x4 D:\Users\Ma-Game\Documents\Mathis\Programmation\C++\Deep-Learning\Example-STM32_Nucleo\ARM\Release/stm32f3xx_it.o
                0x0000000008000388                SVC_Handler
 .text.DebugMon_Handler
                0x000000000800038c        0x4 D:\Users\Ma-Game\Documents\Mathis\Programmation\C++\Deep-Learning\Example-STM32_Nucleo\ARM\Release/stm32f3xx_it.o
                0x000000000800038c                DebugMon_Handler
 .text.PendSV_Handler
                0x0000000008000390        0x4 D:\Users\Ma-Game\Documents\Mathis\Programmation\C++\Deep-Learning\Example-STM32_Nucleo\ARM\Release/stm32f3xx_it.o
                0x0000000008000390                PendSV_Handler
 .text.SysTick_Handler
                0x0000000008000394        0x4 D:\Users\Ma-Game\Documents\Mathis\Programmation\C++\Deep-Learning\Example-STM32_Nucleo\ARM\Release/stm32f3xx_it.o
                0x0000000008000394                SysTick_Handler
 .text.HAL_MspInit
                0x0000000008000398       0x30 D:\Users\Ma-Game\Documents\Mathis\Programmation\C++\Deep-Learning\Example-STM32_Nucleo\ARM\Release/stm32f3xx_hal_msp.o
                0x0000000008000398                HAL_MspInit
 .text.HAL_UART_MspInit
                0x00000000080003c8       0x70 D:\Users\Ma-Game\Documents\Mathis\Programmation\C++\Deep-Learning\Example-STM32_Nucleo\ARM\Release/stm32f3xx_hal_msp.o
                0x00000000080003c8                HAL_UART_MspInit
 .text.UART_AdvFeatureConfig
                0x0000000008000438       0xb0 D:\Users\Ma-Game\Documents\Mathis\Programmation\C++\Deep-Learning\Example-STM32_Nucleo\ARM\Release/stm32f3xx_hal_uart.o
                0x0000000008000438                UART_AdvFeatureConfig
 .text.UART_CheckIdleState
                0x00000000080004e8       0xb4 D:\Users\Ma-Game\Documents\Mathis\Programmation\C++\Deep-Learning\Example-STM32_Nucleo\ARM\Release/stm32f3xx_hal_uart.o
                0x00000000080004e8                UART_CheckIdleState
 .text.HAL_UART_Init
                0x000000000800059c      0x208 D:\Users\Ma-Game\Documents\Mathis\Programmation\C++\Deep-Learning\Example-STM32_Nucleo\ARM\Release/stm32f3xx_hal_uart.o
                0x000000000800059c                HAL_UART_Init
 .text.HAL_InitTick
                0x00000000080007a4       0x48 D:\Users\Ma-Game\Documents\Mathis\Programmation\C++\Deep-Learning\Example-STM32_Nucleo\ARM\Release/stm32f3xx_hal.o
                0x00000000080007a4                HAL_InitTick
 .text.HAL_Init
                0x00000000080007ec       0x24 D:\Users\Ma-Game\Documents\Mathis\Programmation\C++\Deep-Learning\Example-STM32_Nucleo\ARM\Release/stm32f3xx_hal.o
                0x00000000080007ec                HAL_Init
 .text.HAL_IncTick
                0x0000000008000810       0x18 D:\Users\Ma-Game\Documents\Mathis\Programmation\C++\Deep-Learning\Example-STM32_Nucleo\ARM\Release/stm32f3xx_hal.o
                0x0000000008000810                HAL_IncTick
 .text.HAL_GetTick
                0x0000000008000828        0xc D:\Users\Ma-Game\Documents\Mathis\Programmation\C++\Deep-Learning\Example-STM32_Nucleo\ARM\Release/stm32f3xx_hal.o
                0x0000000008000828                HAL_GetTick
 .text.HAL_RCC_OscConfig
                0x0000000008000834      0x5d8 D:\Users\Ma-Game\Documents\Mathis\Programmation\C++\Deep-Learning\Example-STM32_Nucleo\ARM\Release/stm32f3xx_hal_rcc.o
                0x0000000008000834                HAL_RCC_OscConfig
 .text.HAL_RCC_ClockConfig
                0x0000000008000e0c      0x1e8 D:\Users\Ma-Game\Documents\Mathis\Programmation\C++\Deep-Learning\Example-STM32_Nucleo\ARM\Release/stm32f3xx_hal_rcc.o
                0x0000000008000e0c                HAL_RCC_ClockConfig
 .text.HAL_RCC_GetSysClockFreq
                0x0000000008000ff4       0x6c D:\Users\Ma-Game\Documents\Mathis\Programmation\C++\Deep-Learning\Example-STM32_Nucleo\ARM\Release/stm32f3xx_hal_rcc.o
                0x0000000008000ff4                HAL_RCC_GetSysClockFreq
 .text.HAL_RCC_GetPCLK1Freq
                0x0000000008001060       0x30 D:\Users\Ma-Game\Documents\Mathis\Programmation\C++\Deep-Learning\Example-STM32_Nucleo\ARM\Release/stm32f3xx_hal_rcc.o
                0x0000000008001060                HAL_RCC_GetPCLK1Freq
 .text.HAL_RCC_GetPCLK2Freq
                0x0000000008001090       0x30 D:\Users\Ma-Game\Documents\Mathis\Programmation\C++\Deep-Learning\Example-STM32_Nucleo\ARM\Release/stm32f3xx_hal_rcc.o
                0x0000000008001090                HAL_RCC_GetPCLK2Freq
 .text.HAL_GPIO_Init
                0x00000000080010c0      0x1c0 D:\Users\Ma-Game\Documents\Mathis\Programmation\C++\Deep-Learning\Example-STM32_Nucleo\ARM\Release/stm32f3xx_hal_gpio.o
                0x00000000080010c0                HAL_GPIO_Init
 .text.HAL_GPIO_WritePin
                0x0000000008001280        0xc D:\Users\Ma-Game\Documents\Mathis\Programmation\C++\Deep-Learning\Example-STM32_Nucleo\ARM\Release/stm32f3xx_hal_gpio.o
                0x0000000008001280                HAL_GPIO_WritePin
 .text.HAL_NVIC_SetPriorityGrouping
                0x000000000800128c       0x28 D:\Users\Ma-Game\Documents\Mathis\Programmation\C++\Deep-Learning\Example-STM32_Nucleo\ARM\Release/stm32f3xx_hal_cortex.o
                0x000000000800128c                HAL_NVIC_SetPriorityGrouping
 .text.HAL_NVIC_SetPriority
                0x00000000080012b4       0x70 D:\Users\Ma-Game\Documents\Mathis\Programmation\C++\Deep-Learning\Example-STM32_Nucleo\ARM\Release/stm32f3xx_hal_cortex.o
                0x00000000080012b4                HAL_NVIC_SetPriority
 .text.HAL_SYSTICK_Config
                0x0000000008001324       0x34 D:\Users\Ma-Game\Documents\Mathis\Programmation\C++\Deep-Learning\Example-STM32_Nucleo\ARM\Release/stm32f3xx_hal_cortex.o
                0x0000000008001324                HAL_SYSTICK_Config
 .text.SystemInit
                0x0000000008001358       0x1c D:\Users\Ma-Game\Documents\Mathis\Programmation\C++\Deep-Learning\Example-STM32_Nucleo\ARM\Release/system_stm32f3xx.o
                0x0000000008001358                SystemInit
 .text._Z18SystemClock_Configv
                0x0000000008001374       0x54 D:\Users\Ma-Game\Documents\Mathis\Programmation\C++\Deep-Learning\Example-STM32_Nucleo\ARM\Release/main.o
                0x0000000008001374                SystemClock_Config()
 .text.startup.main
                0x00000000080013c8       0xd8 D:\Users\Ma-Game\Documents\Mathis\Programmation\C++\Deep-Learning\Example-STM32_Nucleo\ARM\Release/main.o
                0x00000000080013c8                main
 .text.Reset_Handler
                0x00000000080014a0       0x50 D:\Users\Ma-Game\Documents\Mathis\Programmation\C++\Deep-Learning\Example-STM32_Nucleo\ARM\Release/startup_stm32f302x8.o
                0x00000000080014a0                Reset_Handler
 .text.Default_Handler
                0x00000000080014f0        0x2 D:\Users\Ma-Game\Documents\Mathis\Programmation\C++\Deep-Learning\Example-STM32_Nucleo\ARM\Release/startup_stm32f302x8.o
                0x00000000080014f0                RTC_Alarm_IRQHandler
                0x00000000080014f0                TIM1_CC_IRQHandler
                0x00000000080014f0                USB_HP_IRQHandler
                0x00000000080014f0                PVD_IRQHandler
                0x00000000080014f0                TAMP_STAMP_IRQHandler
                0x00000000080014f0                EXTI3_IRQHandler
                0x00000000080014f0                I2C3_ER_IRQHandler
                0x00000000080014f0                USB_HP_CAN_TX_IRQHandler
                0x00000000080014f0                EXTI0_IRQHandler
                0x00000000080014f0                I2C2_EV_IRQHandler
                0x00000000080014f0                FPU_IRQHandler
                0x00000000080014f0                TIM1_UP_TIM16_IRQHandler
                0x00000000080014f0                CAN_SCE_IRQHandler
                0x00000000080014f0                TIM6_DAC_IRQHandler
                0x00000000080014f0                DMA1_Channel4_IRQHandler
                0x00000000080014f0                ADC1_IRQHandler
                0x00000000080014f0                USART3_IRQHandler
                0x00000000080014f0                DMA1_Channel7_IRQHandler
                0x00000000080014f0                CAN_RX1_IRQHandler
                0x00000000080014f0                I2C1_EV_IRQHandler
                0x00000000080014f0                DMA1_Channel6_IRQHandler
                0x00000000080014f0                RCC_IRQHandler
                0x00000000080014f0                DMA1_Channel1_IRQHandler
                0x00000000080014f0                Default_Handler
                0x00000000080014f0                USBWakeUp_RMP_IRQHandler
                0x00000000080014f0                EXTI15_10_IRQHandler
                0x00000000080014f0                COMP2_IRQHandler
                0x00000000080014f0                I2C3_EV_IRQHandler
                0x00000000080014f0                EXTI9_5_IRQHandler
                0x00000000080014f0                RTC_WKUP_IRQHandler
                0x00000000080014f0                SPI2_IRQHandler
                0x00000000080014f0                USB_LP_CAN_RX0_IRQHandler
                0x00000000080014f0                DMA1_Channel5_IRQHandler
                0x00000000080014f0                USB_LP_IRQHandler
                0x00000000080014f0                EXTI4_IRQHandler
                0x00000000080014f0                TIM1_TRG_COM_TIM17_IRQHandler
                0x00000000080014f0                DMA1_Channel3_IRQHandler
                0x00000000080014f0                WWDG_IRQHandler
                0x00000000080014f0                TIM2_IRQHandler
                0x00000000080014f0                EXTI1_IRQHandler
                0x00000000080014f0                COMP4_6_IRQHandler
                0x00000000080014f0                USART2_IRQHandler
                0x00000000080014f0                I2C2_ER_IRQHandler
                0x00000000080014f0                DMA1_Channel2_IRQHandler
                0x00000000080014f0                FLASH_IRQHandler
                0x00000000080014f0                USART1_IRQHandler
                0x00000000080014f0                SPI3_IRQHandler
                0x00000000080014f0                I2C1_ER_IRQHandler
                0x00000000080014f0                USBWakeUp_IRQHandler
                0x00000000080014f0                EXTI2_TSC_IRQHandler
                0x00000000080014f0                TIM1_BRK_TIM15_IRQHandler
 *fill*         0x00000000080014f2        0x2 
 .text.__libc_init_array
                0x00000000080014f4       0x48 d:/arm/gnu_arm_embedded_gcc/bin/../lib/gcc/arm-none-eabi/9.2.1/../../../../arm-none-eabi/lib/thumb/v7e-m+fp/hard\libc_nano.a(lib_a-init.o)
                0x00000000080014f4                __libc_init_array
 .text.selfrel_offset31
                0x000000000800153c       0x14 d:/arm/gnu_arm_embedded_gcc/bin/../lib/gcc/arm-none-eabi/9.2.1/thumb/v7e-m+fp/hard\libgcc.a(unwind-arm.o)
 .text.search_EIT_table
                0x0000000008001550       0x5c d:/arm/gnu_arm_embedded_gcc/bin/../lib/gcc/arm-none-eabi/9.2.1/thumb/v7e-m+fp/hard\libgcc.a(unwind-arm.o)
 .text.__gnu_unwind_get_pr_addr
                0x00000000080015ac       0x28 d:/arm/gnu_arm_embedded_gcc/bin/../lib/gcc/arm-none-eabi/9.2.1/thumb/v7e-m+fp/hard\libgcc.a(unwind-arm.o)
 .text.get_eit_entry
                0x00000000080015d4       0x9c d:/arm/gnu_arm_embedded_gcc/bin/../lib/gcc/arm-none-eabi/9.2.1/thumb/v7e-m+fp/hard\libgcc.a(unwind-arm.o)
 .text.restore_non_core_regs
                0x0000000008001670       0x58 d:/arm/gnu_arm_embedded_gcc/bin/../lib/gcc/arm-none-eabi/9.2.1/thumb/v7e-m+fp/hard\libgcc.a(unwind-arm.o)
 .text._Unwind_decode_typeinfo_ptr.isra.0
                0x00000000080016c8        0xc d:/arm/gnu_arm_embedded_gcc/bin/../lib/gcc/arm-none-eabi/9.2.1/thumb/v7e-m+fp/hard\libgcc.a(unwind-arm.o)
 .text._Unwind_DebugHook
                0x00000000080016d4        0x4 d:/arm/gnu_arm_embedded_gcc/bin/../lib/gcc/arm-none-eabi/9.2.1/thumb/v7e-m+fp/hard\libgcc.a(unwind-arm.o)
 .text.unwind_phase2
                0x00000000080016d8       0x3c d:/arm/gnu_arm_embedded_gcc/bin/../lib/gcc/arm-none-eabi/9.2.1/thumb/v7e-m+fp/hard\libgcc.a(unwind-arm.o)
 .text.unwind_phase2_forced
                0x0000000008001714       0xcc d:/arm/gnu_arm_embedded_gcc/bin/../lib/gcc/arm-none-eabi/9.2.1/thumb/v7e-m+fp/hard\libgcc.a(unwind-arm.o)
 .text.__gnu_Unwind_RaiseException
                0x00000000080017e0       0x60 d:/arm/gnu_arm_embedded_gcc/bin/../lib/gcc/arm-none-eabi/9.2.1/thumb/v7e-m+fp/hard\libgcc.a(unwind-arm.o)
                0x00000000080017e0                __gnu_Unwind_RaiseException
 .text.__gnu_Unwind_ForcedUnwind
                0x0000000008001840       0x14 d:/arm/gnu_arm_embedded_gcc/bin/../lib/gcc/arm-none-eabi/9.2.1/thumb/v7e-m+fp/hard\libgcc.a(unwind-arm.o)
                0x0000000008001840                __gnu_Unwind_ForcedUnwind
 .text.__gnu_Unwind_Resume
                0x0000000008001854       0x44 d:/arm/gnu_arm_embedded_gcc/bin/../lib/gcc/arm-none-eabi/9.2.1/thumb/v7e-m+fp/hard\libgcc.a(unwind-arm.o)
                0x0000000008001854                __gnu_Unwind_Resume
 .text.__gnu_Unwind_Resume_or_Rethrow
                0x0000000008001898       0x14 d:/arm/gnu_arm_embedded_gcc/bin/../lib/gcc/arm-none-eabi/9.2.1/thumb/v7e-m+fp/hard\libgcc.a(unwind-arm.o)
                0x0000000008001898                __gnu_Unwind_Resume_or_Rethrow
 .text._Unwind_VRS_Get
                0x00000000080018ac       0x30 d:/arm/gnu_arm_embedded_gcc/bin/../lib/gcc/arm-none-eabi/9.2.1/thumb/v7e-m+fp/hard\libgcc.a(unwind-arm.o)
                0x00000000080018ac                _Unwind_VRS_Get
 .text._Unwind_GetGR
                0x00000000080018dc       0x18 d:/arm/gnu_arm_embedded_gcc/bin/../lib/gcc/arm-none-eabi/9.2.1/thumb/v7e-m+fp/hard\libgcc.a(unwind-arm.o)
 .text._Unwind_VRS_Set
                0x00000000080018f4       0x30 d:/arm/gnu_arm_embedded_gcc/bin/../lib/gcc/arm-none-eabi/9.2.1/thumb/v7e-m+fp/hard\libgcc.a(unwind-arm.o)
                0x00000000080018f4                _Unwind_VRS_Set
 .text._Unwind_SetGR
                0x0000000008001924       0x18 d:/arm/gnu_arm_embedded_gcc/bin/../lib/gcc/arm-none-eabi/9.2.1/thumb/v7e-m+fp/hard\libgcc.a(unwind-arm.o)
 .text.__gnu_Unwind_Backtrace
                0x000000000800193c       0x78 d:/arm/gnu_arm_embedded_gcc/bin/../lib/gcc/arm-none-eabi/9.2.1/thumb/v7e-m+fp/hard\libgcc.a(unwind-arm.o)
                0x000000000800193c                __gnu_Unwind_Backtrace
 .text.__gnu_unwind_pr_common
                0x00000000080019b4      0x2a8 d:/arm/gnu_arm_embedded_gcc/bin/../lib/gcc/arm-none-eabi/9.2.1/thumb/v7e-m+fp/hard\libgcc.a(unwind-arm.o)
 .text.__aeabi_unwind_cpp_pr0
                0x0000000008001c5c        0x8 d:/arm/gnu_arm_embedded_gcc/bin/../lib/gcc/arm-none-eabi/9.2.1/thumb/v7e-m+fp/hard\libgcc.a(unwind-arm.o)
                0x0000000008001c5c                __aeabi_unwind_cpp_pr0
 .text.__aeabi_unwind_cpp_pr1
                0x0000000008001c64        0x8 d:/arm/gnu_arm_embedded_gcc/bin/../lib/gcc/arm-none-eabi/9.2.1/thumb/v7e-m+fp/hard\libgcc.a(unwind-arm.o)
                0x0000000008001c64                __aeabi_unwind_cpp_pr1
 .text.__aeabi_unwind_cpp_pr2
                0x0000000008001c6c        0x8 d:/arm/gnu_arm_embedded_gcc/bin/../lib/gcc/arm-none-eabi/9.2.1/thumb/v7e-m+fp/hard\libgcc.a(unwind-arm.o)
                0x0000000008001c6c                __aeabi_unwind_cpp_pr2
 .text._Unwind_VRS_Pop
                0x0000000008001c74      0x278 d:/arm/gnu_arm_embedded_gcc/bin/../lib/gcc/arm-none-eabi/9.2.1/thumb/v7e-m+fp/hard\libgcc.a(unwind-arm.o)
                0x0000000008001c74                _Unwind_VRS_Pop
 .text.next_unwind_byte
                0x0000000008001eec       0x38 d:/arm/gnu_arm_embedded_gcc/bin/../lib/gcc/arm-none-eabi/9.2.1/thumb/v7e-m+fp/hard\libgcc.a(pr-support.o)
 .text.__gnu_unwind_execute
                0x0000000008001f24      0x29c d:/arm/gnu_arm_embedded_gcc/bin/../lib/gcc/arm-none-eabi/9.2.1/thumb/v7e-m+fp/hard\libgcc.a(pr-support.o)
                0x0000000008001f24                __gnu_unwind_execute
 .text.abort    0x00000000080021c0        0xe d:/arm/gnu_arm_embedded_gcc/bin/../lib/gcc/arm-none-eabi/9.2.1/../../../../arm-none-eabi/lib/thumb/v7e-m+fp/hard\libc_nano.a(lib_a-abort.o)
                0x00000000080021c0                abort
 .text.memcpy   0x00000000080021ce       0x1c d:/arm/gnu_arm_embedded_gcc/bin/../lib/gcc/arm-none-eabi/9.2.1/../../../../arm-none-eabi/lib/thumb/v7e-m+fp/hard\libc_nano.a(lib_a-memcpy-stub.o)
                0x00000000080021ce                memcpy
 .text._raise_r
                0x00000000080021ea       0x50 d:/arm/gnu_arm_embedded_gcc/bin/../lib/gcc/arm-none-eabi/9.2.1/../../../../arm-none-eabi/lib/thumb/v7e-m+fp/hard\libc_nano.a(lib_a-signal.o)
                0x00000000080021ea                _raise_r
 *fill*         0x000000000800223a        0x2 
 .text.raise    0x000000000800223c       0x10 d:/arm/gnu_arm_embedded_gcc/bin/../lib/gcc/arm-none-eabi/9.2.1/../../../../arm-none-eabi/lib/thumb/v7e-m+fp/hard\libc_nano.a(lib_a-signal.o)
                0x000000000800223c                raise
 .text._kill_r  0x000000000800224c       0x24 d:/arm/gnu_arm_embedded_gcc/bin/../lib/gcc/arm-none-eabi/9.2.1/../../../../arm-none-eabi/lib/thumb/v7e-m+fp/hard\libc_nano.a(lib_a-signalr.o)
                0x000000000800224c                _kill_r
 .text._getpid_r
                0x0000000008002270        0x4 d:/arm/gnu_arm_embedded_gcc/bin/../lib/gcc/arm-none-eabi/9.2.1/../../../../arm-none-eabi/lib/thumb/v7e-m+fp/hard\libc_nano.a(lib_a-signalr.o)
                0x0000000008002270                _getpid_r
 .text._getpid  0x0000000008002274       0x10 d:/arm/gnu_arm_embedded_gcc/bin/../lib/gcc/arm-none-eabi/9.2.1/../../../../arm-none-eabi/lib/thumb/v7e-m+fp/hard\libnosys.a(getpid.o)
                0x0000000008002274                _getpid
 .text._kill    0x0000000008002284       0x10 d:/arm/gnu_arm_embedded_gcc/bin/../lib/gcc/arm-none-eabi/9.2.1/../../../../arm-none-eabi/lib/thumb/v7e-m+fp/hard\libnosys.a(kill.o)
                0x0000000008002284                _kill
 .text._exit    0x0000000008002294        0x4 d:/arm/gnu_arm_embedded_gcc/bin/../lib/gcc/arm-none-eabi/9.2.1/../../../../arm-none-eabi/lib/thumb/v7e-m+fp/hard\libnosys.a(_exit.o)
                0x0000000008002294                _exit
 *(.glue_7)
 .glue_7        0x0000000008002298        0x0 linker stubs
 *(.glue_7t)
 .glue_7t       0x0000000008002298        0x0 linker stubs
 *(.eh_frame)
 .eh_frame      0x0000000008002298        0x0 d:/arm/gnu_arm_embedded_gcc/bin/../lib/gcc/arm-none-eabi/9.2.1/thumb/v7e-m+fp/hard/crtbegin.o
 *(.init)
 .init          0x0000000008002298        0x4 d:/arm/gnu_arm_embedded_gcc/bin/../lib/gcc/arm-none-eabi/9.2.1/thumb/v7e-m+fp/hard/crti.o
                0x0000000008002298                _init
 .init          0x000000000800229c        0x8 d:/arm/gnu_arm_embedded_gcc/bin/../lib/gcc/arm-none-eabi/9.2.1/thumb/v7e-m+fp/hard/crtn.o
 *(.fini)
 .fini          0x00000000080022a4        0x4 d:/arm/gnu_arm_embedded_gcc/bin/../lib/gcc/arm-none-eabi/9.2.1/thumb/v7e-m+fp/hard/crti.o
                0x00000000080022a4                _fini
 .fini          0x00000000080022a8        0x8 d:/arm/gnu_arm_embedded_gcc/bin/../lib/gcc/arm-none-eabi/9.2.1/thumb/v7e-m+fp/hard/crtn.o
                0x00000000080022b0                . = ALIGN (0x4)
                0x00000000080022b0                _etext = .

.vfp11_veneer   0x00000000080022b0        0x0
 .vfp11_veneer  0x00000000080022b0        0x0 linker stubs

.v4_bx          0x00000000080022b0        0x0
 .v4_bx         0x00000000080022b0        0x0 linker stubs

.iplt           0x00000000080022b0        0x0
 .iplt          0x00000000080022b0        0x0 d:/arm/gnu_arm_embedded_gcc/bin/../lib/gcc/arm-none-eabi/9.2.1/thumb/v7e-m+fp/hard/crtbegin.o

.rodata         0x00000000080022b0       0x3c
                0x00000000080022b0                . = ALIGN (0x4)
 *(.rodata)
 *(.rodata*)
 .rodata.CSWTCH.52
                0x00000000080022b0        0x3 D:\Users\Ma-Game\Documents\Mathis\Programmation\C++\Deep-Learning\Example-STM32_Nucleo\ARM\Release/stm32f3xx_hal_uart.o
 *fill*         0x00000000080022b3        0x1 
 .rodata.aPLLMULFactorTable
                0x00000000080022b4       0x10 D:\Users\Ma-Game\Documents\Mathis\Programmation\C++\Deep-Learning\Example-STM32_Nucleo\ARM\Release/stm32f3xx_hal_rcc.o
                0x00000000080022b4                aPLLMULFactorTable
 .rodata.aPredivFactorTable
                0x00000000080022c4       0x10 D:\Users\Ma-Game\Documents\Mathis\Programmation\C++\Deep-Learning\Example-STM32_Nucleo\ARM\Release/stm32f3xx_hal_rcc.o
                0x00000000080022c4                aPredivFactorTable
 .rodata.AHBPrescTable
                0x00000000080022d4       0x10 D:\Users\Ma-Game\Documents\Mathis\Programmation\C++\Deep-Learning\Example-STM32_Nucleo\ARM\Release/system_stm32f3xx.o
                0x00000000080022d4                AHBPrescTable
 .rodata.APBPrescTable
                0x00000000080022e4        0x8 D:\Users\Ma-Game\Documents\Mathis\Programmation\C++\Deep-Learning\Example-STM32_Nucleo\ARM\Release/system_stm32f3xx.o
                0x00000000080022e4                APBPrescTable
                0x00000000080022ec                . = ALIGN (0x4)

.ARM.extab
 *(.ARM.extab* .gnu.linkonce.armextab.*)

.ARM            0x00000000080022ec       0x98
                0x00000000080022ec                __exidx_start = .
 *(.ARM.exidx*)
 .ARM.exidx.text._Z18SystemClock_Configv
                0x00000000080022ec        0x8 D:\Users\Ma-Game\Documents\Mathis\Programmation\C++\Deep-Learning\Example-STM32_Nucleo\ARM\Release/main.o
 .ARM.exidx.text.startup.main
                0x00000000080022f4       0x10 D:\Users\Ma-Game\Documents\Mathis\Programmation\C++\Deep-Learning\Example-STM32_Nucleo\ARM\Release/main.o
                                          0x8 (size before relaxing)
 .ARM.exidx.text.selfrel_offset31
                0x0000000008002304        0x0 d:/arm/gnu_arm_embedded_gcc/bin/../lib/gcc/arm-none-eabi/9.2.1/thumb/v7e-m+fp/hard\libgcc.a(unwind-arm.o)
                                          0x8 (size before relaxing)
 .ARM.exidx.text.search_EIT_table
                0x0000000008002304        0x0 d:/arm/gnu_arm_embedded_gcc/bin/../lib/gcc/arm-none-eabi/9.2.1/thumb/v7e-m+fp/hard\libgcc.a(unwind-arm.o)
                                          0x8 (size before relaxing)
 .ARM.exidx.text.__gnu_unwind_get_pr_addr
                0x0000000008002304        0x0 d:/arm/gnu_arm_embedded_gcc/bin/../lib/gcc/arm-none-eabi/9.2.1/thumb/v7e-m+fp/hard\libgcc.a(unwind-arm.o)
                                          0x8 (size before relaxing)
 .ARM.exidx.text.get_eit_entry
                0x0000000008002304        0x8 d:/arm/gnu_arm_embedded_gcc/bin/../lib/gcc/arm-none-eabi/9.2.1/thumb/v7e-m+fp/hard\libgcc.a(unwind-arm.o)
 .ARM.exidx.text.restore_non_core_regs
                0x000000000800230c        0x8 d:/arm/gnu_arm_embedded_gcc/bin/../lib/gcc/arm-none-eabi/9.2.1/thumb/v7e-m+fp/hard\libgcc.a(unwind-arm.o)
 .ARM.exidx.text._Unwind_decode_typeinfo_ptr.isra.0
                0x0000000008002314        0x8 d:/arm/gnu_arm_embedded_gcc/bin/../lib/gcc/arm-none-eabi/9.2.1/thumb/v7e-m+fp/hard\libgcc.a(unwind-arm.o)
 .ARM.exidx.text._Unwind_DebugHook
                0x000000000800231c        0x0 d:/arm/gnu_arm_embedded_gcc/bin/../lib/gcc/arm-none-eabi/9.2.1/thumb/v7e-m+fp/hard\libgcc.a(unwind-arm.o)
                                          0x8 (size before relaxing)
 .ARM.exidx.text.unwind_phase2
                0x000000000800231c        0x8 d:/arm/gnu_arm_embedded_gcc/bin/../lib/gcc/arm-none-eabi/9.2.1/thumb/v7e-m+fp/hard\libgcc.a(unwind-arm.o)
 .ARM.exidx.text.unwind_phase2_forced
                0x0000000008002324        0x8 d:/arm/gnu_arm_embedded_gcc/bin/../lib/gcc/arm-none-eabi/9.2.1/thumb/v7e-m+fp/hard\libgcc.a(unwind-arm.o)
 .ARM.exidx.text.__gnu_Unwind_RaiseException
                0x000000000800232c        0x8 d:/arm/gnu_arm_embedded_gcc/bin/../lib/gcc/arm-none-eabi/9.2.1/thumb/v7e-m+fp/hard\libgcc.a(unwind-arm.o)
 .ARM.exidx.text.__gnu_Unwind_ForcedUnwind
                0x0000000008002334        0x8 d:/arm/gnu_arm_embedded_gcc/bin/../lib/gcc/arm-none-eabi/9.2.1/thumb/v7e-m+fp/hard\libgcc.a(unwind-arm.o)
 .ARM.exidx.text.__gnu_Unwind_Resume
                0x000000000800233c        0x8 d:/arm/gnu_arm_embedded_gcc/bin/../lib/gcc/arm-none-eabi/9.2.1/thumb/v7e-m+fp/hard\libgcc.a(unwind-arm.o)
 .ARM.exidx.text.__gnu_Unwind_Resume_or_Rethrow
                0x0000000008002344        0x8 d:/arm/gnu_arm_embedded_gcc/bin/../lib/gcc/arm-none-eabi/9.2.1/thumb/v7e-m+fp/hard\libgcc.a(unwind-arm.o)
 .ARM.exidx.text._Unwind_VRS_Get
                0x000000000800234c        0x0 d:/arm/gnu_arm_embedded_gcc/bin/../lib/gcc/arm-none-eabi/9.2.1/thumb/v7e-m+fp/hard\libgcc.a(unwind-arm.o)
                                          0x8 (size before relaxing)
 .ARM.exidx.text._Unwind_GetGR
                0x000000000800234c        0x0 d:/arm/gnu_arm_embedded_gcc/bin/../lib/gcc/arm-none-eabi/9.2.1/thumb/v7e-m+fp/hard\libgcc.a(unwind-arm.o)
                                          0x8 (size before relaxing)
 .ARM.exidx.text._Unwind_VRS_Set
                0x000000000800234c        0x0 d:/arm/gnu_arm_embedded_gcc/bin/../lib/gcc/arm-none-eabi/9.2.1/thumb/v7e-m+fp/hard\libgcc.a(unwind-arm.o)
                                          0x8 (size before relaxing)
 .ARM.exidx.text._Unwind_SetGR
                0x000000000800234c        0x0 d:/arm/gnu_arm_embedded_gcc/bin/../lib/gcc/arm-none-eabi/9.2.1/thumb/v7e-m+fp/hard\libgcc.a(unwind-arm.o)
                                          0x8 (size before relaxing)
 .ARM.exidx.text.__gnu_Unwind_Backtrace
                0x000000000800234c        0x8 d:/arm/gnu_arm_embedded_gcc/bin/../lib/gcc/arm-none-eabi/9.2.1/thumb/v7e-m+fp/hard\libgcc.a(unwind-arm.o)
 .ARM.exidx.text.__gnu_unwind_pr_common
                0x0000000008002354        0x8 d:/arm/gnu_arm_embedded_gcc/bin/../lib/gcc/arm-none-eabi/9.2.1/thumb/v7e-m+fp/hard\libgcc.a(unwind-arm.o)
 .ARM.exidx.text.__aeabi_unwind_cpp_pr0
                0x000000000800235c        0x8 d:/arm/gnu_arm_embedded_gcc/bin/../lib/gcc/arm-none-eabi/9.2.1/thumb/v7e-m+fp/hard\libgcc.a(unwind-arm.o)
 .ARM.exidx.text.__aeabi_unwind_cpp_pr1
                0x0000000008002364        0x0 d:/arm/gnu_arm_embedded_gcc/bin/../lib/gcc/arm-none-eabi/9.2.1/thumb/v7e-m+fp/hard\libgcc.a(unwind-arm.o)
                                          0x8 (size before relaxing)
 .ARM.exidx.text.__aeabi_unwind_cpp_pr2
                0x0000000008002364        0x0 d:/arm/gnu_arm_embedded_gcc/bin/../lib/gcc/arm-none-eabi/9.2.1/thumb/v7e-m+fp/hard\libgcc.a(unwind-arm.o)
                                          0x8 (size before relaxing)
 .ARM.exidx.text._Unwind_VRS_Pop
                0x0000000008002364        0x8 d:/arm/gnu_arm_embedded_gcc/bin/../lib/gcc/arm-none-eabi/9.2.1/thumb/v7e-m+fp/hard\libgcc.a(unwind-arm.o)
 .ARM.exidx.text.next_unwind_byte
                0x000000000800236c        0x8 d:/arm/gnu_arm_embedded_gcc/bin/../lib/gcc/arm-none-eabi/9.2.1/thumb/v7e-m+fp/hard\libgcc.a(pr-support.o)
 .ARM.exidx.text.__gnu_unwind_execute
                0x0000000008002374       0x10 d:/arm/gnu_arm_embedded_gcc/bin/../lib/gcc/arm-none-eabi/9.2.1/thumb/v7e-m+fp/hard\libgcc.a(pr-support.o)
                                          0x8 (size before relaxing)
                0x0000000008002384                __exidx_end = .

.rel.dyn        0x0000000008002384        0x0
 .rel.iplt      0x0000000008002384        0x0 d:/arm/gnu_arm_embedded_gcc/bin/../lib/gcc/arm-none-eabi/9.2.1/thumb/v7e-m+fp/hard/crtbegin.o

.preinit_array  0x0000000008002384        0x0
                0x0000000008002384                PROVIDE (__preinit_array_start = .)
 *(.preinit_array*)
                0x0000000008002384                PROVIDE (__preinit_array_end = .)

.init_array     0x0000000008002384        0x4
                0x0000000008002384                PROVIDE (__init_array_start = .)
 *(SORT_BY_NAME(.init_array.*))
 *(.init_array*)
 .init_array    0x0000000008002384        0x4 d:/arm/gnu_arm_embedded_gcc/bin/../lib/gcc/arm-none-eabi/9.2.1/thumb/v7e-m+fp/hard/crtbegin.o
                0x0000000008002388                PROVIDE (__init_array_end = .)

.fini_array     0x0000000008002388        0x4
                [!provide]                        PROVIDE (__fini_array_start = .)
 *(SORT_BY_NAME(.fini_array.*))
 *(.fini_array*)
 .fini_array    0x0000000008002388        0x4 d:/arm/gnu_arm_embedded_gcc/bin/../lib/gcc/arm-none-eabi/9.2.1/thumb/v7e-m+fp/hard/crtbegin.o
                [!provide]                        PROVIDE (__fini_array_end = .)
                0x000000000800238c                _sidata = LOADADDR (.data)

.data           0x0000000020000000       0x70 load address 0x000000000800238c
                0x0000000020000000                . = ALIGN (0x4)
                0x0000000020000000                _sdata = .
 *(.data)
 *(.data*)
 .data.uwTickFreq
                0x0000000020000000        0x1 D:\Users\Ma-Game\Documents\Mathis\Programmation\C++\Deep-Learning\Example-STM32_Nucleo\ARM\Release/stm32f3xx_hal.o
                0x0000000020000000                uwTickFreq
 *fill*         0x0000000020000001        0x3 
 .data.uwTickPrio
                0x0000000020000004        0x4 D:\Users\Ma-Game\Documents\Mathis\Programmation\C++\Deep-Learning\Example-STM32_Nucleo\ARM\Release/stm32f3xx_hal.o
                0x0000000020000004                uwTickPrio
 .data.SystemCoreClock
                0x0000000020000008        0x4 D:\Users\Ma-Game\Documents\Mathis\Programmation\C++\Deep-Learning\Example-STM32_Nucleo\ARM\Release/system_stm32f3xx.o
                0x0000000020000008                SystemCoreClock
 .data._impure_ptr
                0x000000002000000c        0x4 d:/arm/gnu_arm_embedded_gcc/bin/../lib/gcc/arm-none-eabi/9.2.1/../../../../arm-none-eabi/lib/thumb/v7e-m+fp/hard\libc_nano.a(lib_a-impure.o)
                0x000000002000000c                _impure_ptr
 .data.impure_data
                0x0000000020000010       0x60 d:/arm/gnu_arm_embedded_gcc/bin/../lib/gcc/arm-none-eabi/9.2.1/../../../../arm-none-eabi/lib/thumb/v7e-m+fp/hard\libc_nano.a(lib_a-impure.o)
                0x0000000020000070                . = ALIGN (0x4)
                0x0000000020000070                _edata = .

.igot.plt       0x0000000020000070        0x0 load address 0x00000000080023fc
 .igot.plt      0x0000000020000070        0x0 d:/arm/gnu_arm_embedded_gcc/bin/../lib/gcc/arm-none-eabi/9.2.1/thumb/v7e-m+fp/hard/crtbegin.o
                0x0000000020000070                . = ALIGN (0x4)

.bss            0x0000000020000070       0xa4 load address 0x00000000080023fc
                0x0000000020000070                _sbss = .
                0x0000000020000070                __bss_start__ = _sbss
 *(.bss)
 *(.bss*)
 .bss.completed.10274
                0x0000000020000070        0x1 d:/arm/gnu_arm_embedded_gcc/bin/../lib/gcc/arm-none-eabi/9.2.1/thumb/v7e-m+fp/hard/crtbegin.o
 *fill*         0x0000000020000071        0x3 
 .bss.object.10279
                0x0000000020000074       0x18 d:/arm/gnu_arm_embedded_gcc/bin/../lib/gcc/arm-none-eabi/9.2.1/thumb/v7e-m+fp/hard/crtbegin.o
 .bss.huart2    0x000000002000008c       0x80 D:\Users\Ma-Game\Documents\Mathis\Programmation\C++\Deep-Learning\Example-STM32_Nucleo\ARM\Release/main.o
                0x000000002000008c                huart2
 *(COMMON)
 COMMON         0x000000002000010c        0x4 D:\Users\Ma-Game\Documents\Mathis\Programmation\C++\Deep-Learning\Example-STM32_Nucleo\ARM\Release/stm32f3xx_hal.o
                0x000000002000010c                uwTick
 COMMON         0x0000000020000110        0x4 d:/arm/gnu_arm_embedded_gcc/bin/../lib/gcc/arm-none-eabi/9.2.1/../../../../arm-none-eabi/lib/thumb/v7e-m+fp/hard\libc_nano.a(lib_a-reent.o)
                0x0000000020000110                errno
                0x0000000020000114                . = ALIGN (0x4)
                0x0000000020000114                _ebss = .
                0x0000000020000114                __bss_end__ = _ebss

._user_heap_stack
                0x0000000020000114      0x604 load address 0x00000000080023fc
                0x0000000020000118                . = ALIGN (0x8)
 *fill*         0x0000000020000114        0x4 
                0x0000000020000118                PROVIDE (end = .)
                [!provide]                        PROVIDE (_end = .)
                0x0000000020000318                . = (. + _Min_Heap_Size)
 *fill*         0x0000000020000118      0x200 
                0x0000000020000718                . = (. + _Min_Stack_Size)
 *fill*         0x0000000020000318      0x400 
                0x0000000020000718                . = ALIGN (0x8)

/DISCARD/
 libc.a(*)
 libm.a(*)
 libgcc.a(*)

.ARM.attributes
                0x0000000000000000       0x30
 *(.ARM.attributes)
 .ARM.attributes
                0x0000000000000000       0x1e d:/arm/gnu_arm_embedded_gcc/bin/../lib/gcc/arm-none-eabi/9.2.1/thumb/v7e-m+fp/hard/crti.o
 .ARM.attributes
                0x000000000000001e       0x34 d:/arm/gnu_arm_embedded_gcc/bin/../lib/gcc/arm-none-eabi/9.2.1/thumb/v7e-m+fp/hard/crtbegin.o
 .ARM.attributes
                0x0000000000000052       0x34 D:\Users\Ma-Game\Documents\Mathis\Programmation\C++\Deep-Learning\Example-STM32_Nucleo\ARM\Release/stm32f3xx_it.o
 .ARM.attributes
                0x0000000000000086       0x34 D:\Users\Ma-Game\Documents\Mathis\Programmation\C++\Deep-Learning\Example-STM32_Nucleo\ARM\Release/stm32f3xx_hal_msp.o
 .ARM.attributes
                0x00000000000000ba       0x34 D:\Users\Ma-Game\Documents\Mathis\Programmation\C++\Deep-Learning\Example-STM32_Nucleo\ARM\Release/stm32f3xx_hal_uart.o
 .ARM.attributes
                0x00000000000000ee       0x34 D:\Users\Ma-Game\Documents\Mathis\Programmation\C++\Deep-Learning\Example-STM32_Nucleo\ARM\Release/stm32f3xx_hal.o
 .ARM.attributes
                0x0000000000000122       0x34 D:\Users\Ma-Game\Documents\Mathis\Programmation\C++\Deep-Learning\Example-STM32_Nucleo\ARM\Release/stm32f3xx_hal_rcc.o
 .ARM.attributes
                0x0000000000000156       0x34 D:\Users\Ma-Game\Documents\Mathis\Programmation\C++\Deep-Learning\Example-STM32_Nucleo\ARM\Release/stm32f3xx_hal_gpio.o
 .ARM.attributes
                0x000000000000018a       0x34 D:\Users\Ma-Game\Documents\Mathis\Programmation\C++\Deep-Learning\Example-STM32_Nucleo\ARM\Release/stm32f3xx_hal_cortex.o
 .ARM.attributes
                0x00000000000001be       0x34 D:\Users\Ma-Game\Documents\Mathis\Programmation\C++\Deep-Learning\Example-STM32_Nucleo\ARM\Release/system_stm32f3xx.o
 .ARM.attributes
                0x00000000000001f2       0x34 D:\Users\Ma-Game\Documents\Mathis\Programmation\C++\Deep-Learning\Example-STM32_Nucleo\ARM\Release/main.o
 .ARM.attributes
                0x0000000000000226       0x21 D:\Users\Ma-Game\Documents\Mathis\Programmation\C++\Deep-Learning\Example-STM32_Nucleo\ARM\Release/startup_stm32f302x8.o
 .ARM.attributes
                0x0000000000000247       0x34 d:/arm/gnu_arm_embedded_gcc/bin/../lib/gcc/arm-none-eabi/9.2.1/../../../../arm-none-eabi/lib/thumb/v7e-m+fp/hard\libc_nano.a(lib_a-init.o)
 .ARM.attributes
                0x000000000000027b       0x1e d:/arm/gnu_arm_embedded_gcc/bin/../lib/gcc/arm-none-eabi/9.2.1/thumb/v7e-m+fp/hard/crtn.o
OUTPUT(D:\Users\Ma-Game\Documents\Mathis\Programmation\C++\Deep-Learning\Example-STM32_Nucleo\ARM\Release/Example-STM32_Nucleo.elf elf32-littlearm)

.comment        0x0000000000000000       0x66
 .comment       0x0000000000000000       0x66 D:\Users\Ma-Game\Documents\Mathis\Programmation\C++\Deep-Learning\Example-STM32_Nucleo\ARM\Release/stm32f3xx_it.o
                                         0x67 (size before relaxing)
 .comment       0x0000000000000066       0x67 D:\Users\Ma-Game\Documents\Mathis\Programmation\C++\Deep-Learning\Example-STM32_Nucleo\ARM\Release/stm32f3xx_hal_msp.o
 .comment       0x0000000000000066       0x67 D:\Users\Ma-Game\Documents\Mathis\Programmation\C++\Deep-Learning\Example-STM32_Nucleo\ARM\Release/stm32f3xx_hal_uart.o
 .comment       0x0000000000000066       0x67 D:\Users\Ma-Game\Documents\Mathis\Programmation\C++\Deep-Learning\Example-STM32_Nucleo\ARM\Release/stm32f3xx_hal.o
 .comment       0x0000000000000066       0x67 D:\Users\Ma-Game\Documents\Mathis\Programmation\C++\Deep-Learning\Example-STM32_Nucleo\ARM\Release/stm32f3xx_hal_rcc.o
 .comment       0x0000000000000066       0x67 D:\Users\Ma-Game\Documents\Mathis\Programmation\C++\Deep-Learning\Example-STM32_Nucleo\ARM\Release/stm32f3xx_hal_gpio.o
 .comment       0x0000000000000066       0x67 D:\Users\Ma-Game\Documents\Mathis\Programmation\C++\Deep-Learning\Example-STM32_Nucleo\ARM\Release/stm32f3xx_hal_cortex.o
 .comment       0x0000000000000066       0x67 D:\Users\Ma-Game\Documents\Mathis\Programmation\C++\Deep-Learning\Example-STM32_Nucleo\ARM\Release/system_stm32f3xx.o
 .comment       0x0000000000000066       0x67 D:\Users\Ma-Game\Documents\Mathis\Programmation\C++\Deep-Learning\Example-STM32_Nucleo\ARM\Release/main.o

.debug_frame    0x0000000000000000       0x2c
 .debug_frame   0x0000000000000000       0x2c d:/arm/gnu_arm_embedded_gcc/bin/../lib/gcc/arm-none-eabi/9.2.1/../../../../arm-none-eabi/lib/thumb/v7e-m+fp/hard\libc_nano.a(lib_a-init.o)

.stabstr        0x0000000000000000       0x76
 .stabstr       0x0000000000000000       0x76 d:/arm/gnu_arm_embedded_gcc/bin/../lib/gcc/arm-none-eabi/9.2.1/../../../../arm-none-eabi/lib/thumb/v7e-m+fp/hard\libnosys.a(getpid.o)

Cross Reference Table

Symbol                                            File
ADC1_IRQHandler                                   D:\Users\Ma-Game\Documents\Mathis\Programmation\C++\Deep-Learning\Example-STM32_Nucleo\ARM\Release/startup_stm32f302x8.o
AHBPrescTable                                     D:\Users\Ma-Game\Documents\Mathis\Programmation\C++\Deep-Learning\Example-STM32_Nucleo\ARM\Release/system_stm32f3xx.o
                                                  D:\Users\Ma-Game\Documents\Mathis\Programmation\C++\Deep-Learning\Example-STM32_Nucleo\ARM\Release/stm32f3xx_hal_rcc.o
APBPrescTable                                     D:\Users\Ma-Game\Documents\Mathis\Programmation\C++\Deep-Learning\Example-STM32_Nucleo\ARM\Release/system_stm32f3xx.o
                                                  D:\Users\Ma-Game\Documents\Mathis\Programmation\C++\Deep-Learning\Example-STM32_Nucleo\ARM\Release/stm32f3xx_hal_rcc.o
BusFault_Handler                                  D:\Users\Ma-Game\Documents\Mathis\Programmation\C++\Deep-Learning\Example-STM32_Nucleo\ARM\Release/stm32f3xx_it.o
CAN_RX1_IRQHandler                                D:\Users\Ma-Game\Documents\Mathis\Programmation\C++\Deep-Learning\Example-STM32_Nucleo\ARM\Release/startup_stm32f302x8.o
CAN_SCE_IRQHandler                                D:\Users\Ma-Game\Documents\Mathis\Programmation\C++\Deep-Learning\Example-STM32_Nucleo\ARM\Release/startup_stm32f302x8.o
COMP2_IRQHandler                                  D:\Users\Ma-Game\Documents\Mathis\Programmation\C++\Deep-Learning\Example-STM32_Nucleo\ARM\Release/startup_stm32f302x8.o
COMP4_6_IRQHandler                                D:\Users\Ma-Game\Documents\Mathis\Programmation\C++\Deep-Learning\Example-STM32_Nucleo\ARM\Release/startup_stm32f302x8.o
DMA1_Channel1_IRQHandler                          D:\Users\Ma-Game\Documents\Mathis\Programmation\C++\Deep-Learning\Example-STM32_Nucleo\ARM\Release/startup_stm32f302x8.o
DMA1_Channel2_IRQHandler                          D:\Users\Ma-Game\Documents\Mathis\Programmation\C++\Deep-Learning\Example-STM32_Nucleo\ARM\Release/startup_stm32f302x8.o
DMA1_Channel3_IRQHandler                          D:\Users\Ma-Game\Documents\Mathis\Programmation\C++\Deep-Learning\Example-STM32_Nucleo\ARM\Release/startup_stm32f302x8.o
DMA1_Channel4_IRQHandler                          D:\Users\Ma-Game\Documents\Mathis\Programmation\C++\Deep-Learning\Example-STM32_Nucleo\ARM\Release/startup_stm32f302x8.o
DMA1_Channel5_IRQHandler                          D:\Users\Ma-Game\Documents\Mathis\Programmation\C++\Deep-Learning\Example-STM32_Nucleo\ARM\Release/startup_stm32f302x8.o
DMA1_Channel6_IRQHandler                          D:\Users\Ma-Game\Documents\Mathis\Programmation\C++\Deep-Learning\Example-STM32_Nucleo\ARM\Release/startup_stm32f302x8.o
DMA1_Channel7_IRQHandler                          D:\Users\Ma-Game\Documents\Mathis\Programmation\C++\Deep-Learning\Example-STM32_Nucleo\ARM\Release/startup_stm32f302x8.o
DebugMon_Handler                                  D:\Users\Ma-Game\Documents\Mathis\Programmation\C++\Deep-Learning\Example-STM32_Nucleo\ARM\Release/stm32f3xx_it.o
Default_Handler                                   D:\Users\Ma-Game\Documents\Mathis\Programmation\C++\Deep-Learning\Example-STM32_Nucleo\ARM\Release/startup_stm32f302x8.o
EXTI0_IRQHandler                                  D:\Users\Ma-Game\Documents\Mathis\Programmation\C++\Deep-Learning\Example-STM32_Nucleo\ARM\Release/startup_stm32f302x8.o
EXTI15_10_IRQHandler                              D:\Users\Ma-Game\Documents\Mathis\Programmation\C++\Deep-Learning\Example-STM32_Nucleo\ARM\Release/startup_stm32f302x8.o
EXTI1_IRQHandler                                  D:\Users\Ma-Game\Documents\Mathis\Programmation\C++\Deep-Learning\Example-STM32_Nucleo\ARM\Release/startup_stm32f302x8.o
EXTI2_TSC_IRQHandler                              D:\Users\Ma-Game\Documents\Mathis\Programmation\C++\Deep-Learning\Example-STM32_Nucleo\ARM\Release/startup_stm32f302x8.o
EXTI3_IRQHandler                                  D:\Users\Ma-Game\Documents\Mathis\Programmation\C++\Deep-Learning\Example-STM32_Nucleo\ARM\Release/startup_stm32f302x8.o
EXTI4_IRQHandler                                  D:\Users\Ma-Game\Documents\Mathis\Programmation\C++\Deep-Learning\Example-STM32_Nucleo\ARM\Release/startup_stm32f302x8.o
EXTI9_5_IRQHandler                                D:\Users\Ma-Game\Documents\Mathis\Programmation\C++\Deep-Learning\Example-STM32_Nucleo\ARM\Release/startup_stm32f302x8.o
Error_Handler                                     D:\Users\Ma-Game\Documents\Mathis\Programmation\C++\Deep-Learning\Example-STM32_Nucleo\ARM\Release/main.o
FLASH_IRQHandler                                  D:\Users\Ma-Game\Documents\Mathis\Programmation\C++\Deep-Learning\Example-STM32_Nucleo\ARM\Release/startup_stm32f302x8.o
FLASH_PageErase                                   D:\Users\Ma-Game\Documents\Mathis\Programmation\C++\Deep-Learning\Example-STM32_Nucleo\ARM\Release/stm32f3xx_hal_flash_ex.o
                                                  D:\Users\Ma-Game\Documents\Mathis\Programmation\C++\Deep-Learning\Example-STM32_Nucleo\ARM\Release/stm32f3xx_hal_flash.o
FLASH_WaitForLastOperation                        D:\Users\Ma-Game\Documents\Mathis\Programmation\C++\Deep-Learning\Example-STM32_Nucleo\ARM\Release/stm32f3xx_hal_flash.o
                                                  D:\Users\Ma-Game\Documents\Mathis\Programmation\C++\Deep-Learning\Example-STM32_Nucleo\ARM\Release/stm32f3xx_hal_flash_ex.o
FPU_IRQHandler                                    D:\Users\Ma-Game\Documents\Mathis\Programmation\C++\Deep-Learning\Example-STM32_Nucleo\ARM\Release/startup_stm32f302x8.o
HAL_DBGMCU_DisableDBGSleepMode                    D:\Users\Ma-Game\Documents\Mathis\Programmation\C++\Deep-Learning\Example-STM32_Nucleo\ARM\Release/stm32f3xx_hal.o
HAL_DBGMCU_DisableDBGStandbyMode                  D:\Users\Ma-Game\Documents\Mathis\Programmation\C++\Deep-Learning\Example-STM32_Nucleo\ARM\Release/stm32f3xx_hal.o
HAL_DBGMCU_DisableDBGStopMode                     D:\Users\Ma-Game\Documents\Mathis\Programmation\C++\Deep-Learning\Example-STM32_Nucleo\ARM\Release/stm32f3xx_hal.o
HAL_DBGMCU_EnableDBGSleepMode                     D:\Users\Ma-Game\Documents\Mathis\Programmation\C++\Deep-Learning\Example-STM32_Nucleo\ARM\Release/stm32f3xx_hal.o
HAL_DBGMCU_EnableDBGStandbyMode                   D:\Users\Ma-Game\Documents\Mathis\Programmation\C++\Deep-Learning\Example-STM32_Nucleo\ARM\Release/stm32f3xx_hal.o
HAL_DBGMCU_EnableDBGStopMode                      D:\Users\Ma-Game\Documents\Mathis\Programmation\C++\Deep-Learning\Example-STM32_Nucleo\ARM\Release/stm32f3xx_hal.o
HAL_DMA_Abort                                     D:\Users\Ma-Game\Documents\Mathis\Programmation\C++\Deep-Learning\Example-STM32_Nucleo\ARM\Release/stm32f3xx_hal_dma.o
                                                  D:\Users\Ma-Game\Documents\Mathis\Programmation\C++\Deep-Learning\Example-STM32_Nucleo\ARM\Release/stm32f3xx_hal_uart.o
HAL_DMA_Abort_IT                                  D:\Users\Ma-Game\Documents\Mathis\Programmation\C++\Deep-Learning\Example-STM32_Nucleo\ARM\Release/stm32f3xx_hal_dma.o
                                                  D:\Users\Ma-Game\Documents\Mathis\Programmation\C++\Deep-Learning\Example-STM32_Nucleo\ARM\Release/stm32f3xx_hal_i2c.o
                                                  D:\Users\Ma-Game\Documents\Mathis\Programmation\C++\Deep-Learning\Example-STM32_Nucleo\ARM\Release/stm32f3xx_hal_uart.o
HAL_DMA_DeInit                                    D:\Users\Ma-Game\Documents\Mathis\Programmation\C++\Deep-Learning\Example-STM32_Nucleo\ARM\Release/stm32f3xx_hal_dma.o
HAL_DMA_GetError                                  D:\Users\Ma-Game\Documents\Mathis\Programmation\C++\Deep-Learning\Example-STM32_Nucleo\ARM\Release/stm32f3xx_hal_dma.o
                                                  D:\Users\Ma-Game\Documents\Mathis\Programmation\C++\Deep-Learning\Example-STM32_Nucleo\ARM\Release/stm32f3xx_hal_uart.o
HAL_DMA_GetState                                  D:\Users\Ma-Game\Documents\Mathis\Programmation\C++\Deep-Learning\Example-STM32_Nucleo\ARM\Release/stm32f3xx_hal_dma.o
HAL_DMA_IRQHandler                                D:\Users\Ma-Game\Documents\Mathis\Programmation\C++\Deep-Learning\Example-STM32_Nucleo\ARM\Release/stm32f3xx_hal_dma.o
HAL_DMA_Init                                      D:\Users\Ma-Game\Documents\Mathis\Programmation\C++\Deep-Learning\Example-STM32_Nucleo\ARM\Release/stm32f3xx_hal_dma.o
HAL_DMA_PollForTransfer                           D:\Users\Ma-Game\Documents\Mathis\Programmation\C++\Deep-Learning\Example-STM32_Nucleo\ARM\Release/stm32f3xx_hal_dma.o
HAL_DMA_RegisterCallback                          D:\Users\Ma-Game\Documents\Mathis\Programmation\C++\Deep-Learning\Example-STM32_Nucleo\ARM\Release/stm32f3xx_hal_dma.o
HAL_DMA_Start                                     D:\Users\Ma-Game\Documents\Mathis\Programmation\C++\Deep-Learning\Example-STM32_Nucleo\ARM\Release/stm32f3xx_hal_dma.o
HAL_DMA_Start_IT                                  D:\Users\Ma-Game\Documents\Mathis\Programmation\C++\Deep-Learning\Example-STM32_Nucleo\ARM\Release/stm32f3xx_hal_dma.o
                                                  D:\Users\Ma-Game\Documents\Mathis\Programmation\C++\Deep-Learning\Example-STM32_Nucleo\ARM\Release/stm32f3xx_hal_i2c.o
                                                  D:\Users\Ma-Game\Documents\Mathis\Programmation\C++\Deep-Learning\Example-STM32_Nucleo\ARM\Release/stm32f3xx_hal_uart.o
HAL_DMA_UnRegisterCallback                        D:\Users\Ma-Game\Documents\Mathis\Programmation\C++\Deep-Learning\Example-STM32_Nucleo\ARM\Release/stm32f3xx_hal_dma.o
HAL_DeInit                                        D:\Users\Ma-Game\Documents\Mathis\Programmation\C++\Deep-Learning\Example-STM32_Nucleo\ARM\Release/stm32f3xx_hal.o
HAL_Delay                                         D:\Users\Ma-Game\Documents\Mathis\Programmation\C++\Deep-Learning\Example-STM32_Nucleo\ARM\Release/stm32f3xx_hal.o
HAL_EXTI_ClearConfigLine                          D:\Users\Ma-Game\Documents\Mathis\Programmation\C++\Deep-Learning\Example-STM32_Nucleo\ARM\Release/stm32f3xx_hal_exti.o
HAL_EXTI_ClearPending                             D:\Users\Ma-Game\Documents\Mathis\Programmation\C++\Deep-Learning\Example-STM32_Nucleo\ARM\Release/stm32f3xx_hal_exti.o
HAL_EXTI_GenerateSWI                              D:\Users\Ma-Game\Documents\Mathis\Programmation\C++\Deep-Learning\Example-STM32_Nucleo\ARM\Release/stm32f3xx_hal_exti.o
HAL_EXTI_GetConfigLine                            D:\Users\Ma-Game\Documents\Mathis\Programmation\C++\Deep-Learning\Example-STM32_Nucleo\ARM\Release/stm32f3xx_hal_exti.o
HAL_EXTI_GetHandle                                D:\Users\Ma-Game\Documents\Mathis\Programmation\C++\Deep-Learning\Example-STM32_Nucleo\ARM\Release/stm32f3xx_hal_exti.o
HAL_EXTI_GetPending                               D:\Users\Ma-Game\Documents\Mathis\Programmation\C++\Deep-Learning\Example-STM32_Nucleo\ARM\Release/stm32f3xx_hal_exti.o
HAL_EXTI_IRQHandler                               D:\Users\Ma-Game\Documents\Mathis\Programmation\C++\Deep-Learning\Example-STM32_Nucleo\ARM\Release/stm32f3xx_hal_exti.o
HAL_EXTI_RegisterCallback                         D:\Users\Ma-Game\Documents\Mathis\Programmation\C++\Deep-Learning\Example-STM32_Nucleo\ARM\Release/stm32f3xx_hal_exti.o
HAL_EXTI_SetConfigLine                            D:\Users\Ma-Game\Documents\Mathis\Programmation\C++\Deep-Learning\Example-STM32_Nucleo\ARM\Release/stm32f3xx_hal_exti.o
HAL_FLASHEx_Erase                                 D:\Users\Ma-Game\Documents\Mathis\Programmation\C++\Deep-Learning\Example-STM32_Nucleo\ARM\Release/stm32f3xx_hal_flash_ex.o
HAL_FLASHEx_Erase_IT                              D:\Users\Ma-Game\Documents\Mathis\Programmation\C++\Deep-Learning\Example-STM32_Nucleo\ARM\Release/stm32f3xx_hal_flash_ex.o
HAL_FLASHEx_OBErase                               D:\Users\Ma-Game\Documents\Mathis\Programmation\C++\Deep-Learning\Example-STM32_Nucleo\ARM\Release/stm32f3xx_hal_flash_ex.o
HAL_FLASHEx_OBGetConfig                           D:\Users\Ma-Game\Documents\Mathis\Programmation\C++\Deep-Learning\Example-STM32_Nucleo\ARM\Release/stm32f3xx_hal_flash_ex.o
HAL_FLASHEx_OBGetUserData                         D:\Users\Ma-Game\Documents\Mathis\Programmation\C++\Deep-Learning\Example-STM32_Nucleo\ARM\Release/stm32f3xx_hal_flash_ex.o
HAL_FLASHEx_OBProgram                             D:\Users\Ma-Game\Documents\Mathis\Programmation\C++\Deep-Learning\Example-STM32_Nucleo\ARM\Release/stm32f3xx_hal_flash_ex.o
HAL_FLASH_EndOfOperationCallback                  D:\Users\Ma-Game\Documents\Mathis\Programmation\C++\Deep-Learning\Example-STM32_Nucleo\ARM\Release/stm32f3xx_hal_flash.o
HAL_FLASH_GetError                                D:\Users\Ma-Game\Documents\Mathis\Programmation\C++\Deep-Learning\Example-STM32_Nucleo\ARM\Release/stm32f3xx_hal_flash.o
HAL_FLASH_IRQHandler                              D:\Users\Ma-Game\Documents\Mathis\Programmation\C++\Deep-Learning\Example-STM32_Nucleo\ARM\Release/stm32f3xx_hal_flash.o
HAL_FLASH_Lock                                    D:\Users\Ma-Game\Documents\Mathis\Programmation\C++\Deep-Learning\Example-STM32_Nucleo\ARM\Release/stm32f3xx_hal_flash.o
HAL_FLASH_OB_Launch                               D:\Users\Ma-Game\Documents\Mathis\Programmation\C++\Deep-Learning\Example-STM32_Nucleo\ARM\Release/stm32f3xx_hal_flash.o
HAL_FLASH_OB_Lock                                 D:\Users\Ma-Game\Documents\Mathis\Programmation\C++\Deep-Learning\Example-STM32_Nucleo\ARM\Release/stm32f3xx_hal_flash.o
HAL_FLASH_OB_Unlock                               D:\Users\Ma-Game\Documents\Mathis\Programmation\C++\Deep-Learning\Example-STM32_Nucleo\ARM\Release/stm32f3xx_hal_flash.o
HAL_FLASH_OperationErrorCallback                  D:\Users\Ma-Game\Documents\Mathis\Programmation\C++\Deep-Learning\Example-STM32_Nucleo\ARM\Release/stm32f3xx_hal_flash.o
HAL_FLASH_Program                                 D:\Users\Ma-Game\Documents\Mathis\Programmation\C++\Deep-Learning\Example-STM32_Nucleo\ARM\Release/stm32f3xx_hal_flash.o
HAL_FLASH_Program_IT                              D:\Users\Ma-Game\Documents\Mathis\Programmation\C++\Deep-Learning\Example-STM32_Nucleo\ARM\Release/stm32f3xx_hal_flash.o
HAL_FLASH_Unlock                                  D:\Users\Ma-Game\Documents\Mathis\Programmation\C++\Deep-Learning\Example-STM32_Nucleo\ARM\Release/stm32f3xx_hal_flash.o
HAL_GPIO_DeInit                                   D:\Users\Ma-Game\Documents\Mathis\Programmation\C++\Deep-Learning\Example-STM32_Nucleo\ARM\Release/stm32f3xx_hal_gpio.o
                                                  D:\Users\Ma-Game\Documents\Mathis\Programmation\C++\Deep-Learning\Example-STM32_Nucleo\ARM\Release/stm32f3xx_hal_msp.o
HAL_GPIO_EXTI_Callback                            D:\Users\Ma-Game\Documents\Mathis\Programmation\C++\Deep-Learning\Example-STM32_Nucleo\ARM\Release/stm32f3xx_hal_gpio.o
HAL_GPIO_EXTI_IRQHandler                          D:\Users\Ma-Game\Documents\Mathis\Programmation\C++\Deep-Learning\Example-STM32_Nucleo\ARM\Release/stm32f3xx_hal_gpio.o
HAL_GPIO_Init                                     D:\Users\Ma-Game\Documents\Mathis\Programmation\C++\Deep-Learning\Example-STM32_Nucleo\ARM\Release/stm32f3xx_hal_gpio.o
                                                  D:\Users\Ma-Game\Documents\Mathis\Programmation\C++\Deep-Learning\Example-STM32_Nucleo\ARM\Release/main.o
                                                  D:\Users\Ma-Game\Documents\Mathis\Programmation\C++\Deep-Learning\Example-STM32_Nucleo\ARM\Release/stm32f3xx_hal_rcc.o
                                                  D:\Users\Ma-Game\Documents\Mathis\Programmation\C++\Deep-Learning\Example-STM32_Nucleo\ARM\Release/stm32f3xx_hal_msp.o
HAL_GPIO_LockPin                                  D:\Users\Ma-Game\Documents\Mathis\Programmation\C++\Deep-Learning\Example-STM32_Nucleo\ARM\Release/stm32f3xx_hal_gpio.o
HAL_GPIO_ReadPin                                  D:\Users\Ma-Game\Documents\Mathis\Programmation\C++\Deep-Learning\Example-STM32_Nucleo\ARM\Release/stm32f3xx_hal_gpio.o
HAL_GPIO_TogglePin                                D:\Users\Ma-Game\Documents\Mathis\Programmation\C++\Deep-Learning\Example-STM32_Nucleo\ARM\Release/stm32f3xx_hal_gpio.o
HAL_GPIO_WritePin                                 D:\Users\Ma-Game\Documents\Mathis\Programmation\C++\Deep-Learning\Example-STM32_Nucleo\ARM\Release/stm32f3xx_hal_gpio.o
                                                  D:\Users\Ma-Game\Documents\Mathis\Programmation\C++\Deep-Learning\Example-STM32_Nucleo\ARM\Release/main.o
HAL_GetDEVID                                      D:\Users\Ma-Game\Documents\Mathis\Programmation\C++\Deep-Learning\Example-STM32_Nucleo\ARM\Release/stm32f3xx_hal.o
HAL_GetHalVersion                                 D:\Users\Ma-Game\Documents\Mathis\Programmation\C++\Deep-Learning\Example-STM32_Nucleo\ARM\Release/stm32f3xx_hal.o
HAL_GetREVID                                      D:\Users\Ma-Game\Documents\Mathis\Programmation\C++\Deep-Learning\Example-STM32_Nucleo\ARM\Release/stm32f3xx_hal.o
HAL_GetTick                                       D:\Users\Ma-Game\Documents\Mathis\Programmation\C++\Deep-Learning\Example-STM32_Nucleo\ARM\Release/stm32f3xx_hal.o
                                                  D:\Users\Ma-Game\Documents\Mathis\Programmation\C++\Deep-Learning\Example-STM32_Nucleo\ARM\Release/stm32f3xx_hal_i2c.o
                                                  D:\Users\Ma-Game\Documents\Mathis\Programmation\C++\Deep-Learning\Example-STM32_Nucleo\ARM\Release/stm32f3xx_hal_flash.o
                                                  D:\Users\Ma-Game\Documents\Mathis\Programmation\C++\Deep-Learning\Example-STM32_Nucleo\ARM\Release/stm32f3xx_hal_dma.o
                                                  D:\Users\Ma-Game\Documents\Mathis\Programmation\C++\Deep-Learning\Example-STM32_Nucleo\ARM\Release/stm32f3xx_hal_rcc_ex.o
                                                  D:\Users\Ma-Game\Documents\Mathis\Programmation\C++\Deep-Learning\Example-STM32_Nucleo\ARM\Release/stm32f3xx_hal_rcc.o
                                                  D:\Users\Ma-Game\Documents\Mathis\Programmation\C++\Deep-Learning\Example-STM32_Nucleo\ARM\Release/stm32f3xx_hal_uart_ex.o
                                                  D:\Users\Ma-Game\Documents\Mathis\Programmation\C++\Deep-Learning\Example-STM32_Nucleo\ARM\Release/stm32f3xx_hal_uart.o
HAL_GetTickFreq                                   D:\Users\Ma-Game\Documents\Mathis\Programmation\C++\Deep-Learning\Example-STM32_Nucleo\ARM\Release/stm32f3xx_hal.o
HAL_GetTickPrio                                   D:\Users\Ma-Game\Documents\Mathis\Programmation\C++\Deep-Learning\Example-STM32_Nucleo\ARM\Release/stm32f3xx_hal.o
HAL_GetUIDw0                                      D:\Users\Ma-Game\Documents\Mathis\Programmation\C++\Deep-Learning\Example-STM32_Nucleo\ARM\Release/stm32f3xx_hal.o
HAL_GetUIDw1                                      D:\Users\Ma-Game\Documents\Mathis\Programmation\C++\Deep-Learning\Example-STM32_Nucleo\ARM\Release/stm32f3xx_hal.o
HAL_GetUIDw2                                      D:\Users\Ma-Game\Documents\Mathis\Programmation\C++\Deep-Learning\Example-STM32_Nucleo\ARM\Release/stm32f3xx_hal.o
HAL_HalfDuplex_EnableReceiver                     D:\Users\Ma-Game\Documents\Mathis\Programmation\C++\Deep-Learning\Example-STM32_Nucleo\ARM\Release/stm32f3xx_hal_uart.o
HAL_HalfDuplex_EnableTransmitter                  D:\Users\Ma-Game\Documents\Mathis\Programmation\C++\Deep-Learning\Example-STM32_Nucleo\ARM\Release/stm32f3xx_hal_uart.o
HAL_HalfDuplex_Init                               D:\Users\Ma-Game\Documents\Mathis\Programmation\C++\Deep-Learning\Example-STM32_Nucleo\ARM\Release/stm32f3xx_hal_uart.o
HAL_I2CEx_ConfigAnalogFilter                      D:\Users\Ma-Game\Documents\Mathis\Programmation\C++\Deep-Learning\Example-STM32_Nucleo\ARM\Release/stm32f3xx_hal_i2c_ex.o
HAL_I2CEx_ConfigDigitalFilter                     D:\Users\Ma-Game\Documents\Mathis\Programmation\C++\Deep-Learning\Example-STM32_Nucleo\ARM\Release/stm32f3xx_hal_i2c_ex.o
HAL_I2CEx_DisableFastModePlus                     D:\Users\Ma-Game\Documents\Mathis\Programmation\C++\Deep-Learning\Example-STM32_Nucleo\ARM\Release/stm32f3xx_hal_i2c_ex.o
HAL_I2CEx_DisableWakeUp                           D:\Users\Ma-Game\Documents\Mathis\Programmation\C++\Deep-Learning\Example-STM32_Nucleo\ARM\Release/stm32f3xx_hal_i2c_ex.o
HAL_I2CEx_EnableFastModePlus                      D:\Users\Ma-Game\Documents\Mathis\Programmation\C++\Deep-Learning\Example-STM32_Nucleo\ARM\Release/stm32f3xx_hal_i2c_ex.o
HAL_I2CEx_EnableWakeUp                            D:\Users\Ma-Game\Documents\Mathis\Programmation\C++\Deep-Learning\Example-STM32_Nucleo\ARM\Release/stm32f3xx_hal_i2c_ex.o
HAL_I2C_AbortCpltCallback                         D:\Users\Ma-Game\Documents\Mathis\Programmation\C++\Deep-Learning\Example-STM32_Nucleo\ARM\Release/stm32f3xx_hal_i2c.o
HAL_I2C_AddrCallback                              D:\Users\Ma-Game\Documents\Mathis\Programmation\C++\Deep-Learning\Example-STM32_Nucleo\ARM\Release/stm32f3xx_hal_i2c.o
HAL_I2C_DeInit                                    D:\Users\Ma-Game\Documents\Mathis\Programmation\C++\Deep-Learning\Example-STM32_Nucleo\ARM\Release/stm32f3xx_hal_i2c.o
HAL_I2C_DisableListen_IT                          D:\Users\Ma-Game\Documents\Mathis\Programmation\C++\Deep-Learning\Example-STM32_Nucleo\ARM\Release/stm32f3xx_hal_i2c.o
HAL_I2C_ER_IRQHandler                             D:\Users\Ma-Game\Documents\Mathis\Programmation\C++\Deep-Learning\Example-STM32_Nucleo\ARM\Release/stm32f3xx_hal_i2c.o
HAL_I2C_EV_IRQHandler                             D:\Users\Ma-Game\Documents\Mathis\Programmation\C++\Deep-Learning\Example-STM32_Nucleo\ARM\Release/stm32f3xx_hal_i2c.o
HAL_I2C_EnableListen_IT                           D:\Users\Ma-Game\Documents\Mathis\Programmation\C++\Deep-Learning\Example-STM32_Nucleo\ARM\Release/stm32f3xx_hal_i2c.o
HAL_I2C_ErrorCallback                             D:\Users\Ma-Game\Documents\Mathis\Programmation\C++\Deep-Learning\Example-STM32_Nucleo\ARM\Release/stm32f3xx_hal_i2c.o
HAL_I2C_GetError                                  D:\Users\Ma-Game\Documents\Mathis\Programmation\C++\Deep-Learning\Example-STM32_Nucleo\ARM\Release/stm32f3xx_hal_i2c.o
HAL_I2C_GetMode                                   D:\Users\Ma-Game\Documents\Mathis\Programmation\C++\Deep-Learning\Example-STM32_Nucleo\ARM\Release/stm32f3xx_hal_i2c.o
HAL_I2C_GetState                                  D:\Users\Ma-Game\Documents\Mathis\Programmation\C++\Deep-Learning\Example-STM32_Nucleo\ARM\Release/stm32f3xx_hal_i2c.o
HAL_I2C_Init                                      D:\Users\Ma-Game\Documents\Mathis\Programmation\C++\Deep-Learning\Example-STM32_Nucleo\ARM\Release/stm32f3xx_hal_i2c.o
HAL_I2C_IsDeviceReady                             D:\Users\Ma-Game\Documents\Mathis\Programmation\C++\Deep-Learning\Example-STM32_Nucleo\ARM\Release/stm32f3xx_hal_i2c.o
HAL_I2C_ListenCpltCallback                        D:\Users\Ma-Game\Documents\Mathis\Programmation\C++\Deep-Learning\Example-STM32_Nucleo\ARM\Release/stm32f3xx_hal_i2c.o
HAL_I2C_MasterRxCpltCallback                      D:\Users\Ma-Game\Documents\Mathis\Programmation\C++\Deep-Learning\Example-STM32_Nucleo\ARM\Release/stm32f3xx_hal_i2c.o
HAL_I2C_MasterTxCpltCallback                      D:\Users\Ma-Game\Documents\Mathis\Programmation\C++\Deep-Learning\Example-STM32_Nucleo\ARM\Release/stm32f3xx_hal_i2c.o
HAL_I2C_Master_Abort_IT                           D:\Users\Ma-Game\Documents\Mathis\Programmation\C++\Deep-Learning\Example-STM32_Nucleo\ARM\Release/stm32f3xx_hal_i2c.o
HAL_I2C_Master_Receive                            D:\Users\Ma-Game\Documents\Mathis\Programmation\C++\Deep-Learning\Example-STM32_Nucleo\ARM\Release/stm32f3xx_hal_i2c.o
HAL_I2C_Master_Receive_DMA                        D:\Users\Ma-Game\Documents\Mathis\Programmation\C++\Deep-Learning\Example-STM32_Nucleo\ARM\Release/stm32f3xx_hal_i2c.o
HAL_I2C_Master_Receive_IT                         D:\Users\Ma-Game\Documents\Mathis\Programmation\C++\Deep-Learning\Example-STM32_Nucleo\ARM\Release/stm32f3xx_hal_i2c.o
HAL_I2C_Master_Seq_Receive_DMA                    D:\Users\Ma-Game\Documents\Mathis\Programmation\C++\Deep-Learning\Example-STM32_Nucleo\ARM\Release/stm32f3xx_hal_i2c.o
HAL_I2C_Master_Seq_Receive_IT                     D:\Users\Ma-Game\Documents\Mathis\Programmation\C++\Deep-Learning\Example-STM32_Nucleo\ARM\Release/stm32f3xx_hal_i2c.o
HAL_I2C_Master_Seq_Transmit_DMA                   D:\Users\Ma-Game\Documents\Mathis\Programmation\C++\Deep-Learning\Example-STM32_Nucleo\ARM\Release/stm32f3xx_hal_i2c.o
HAL_I2C_Master_Seq_Transmit_IT                    D:\Users\Ma-Game\Documents\Mathis\Programmation\C++\Deep-Learning\Example-STM32_Nucleo\ARM\Release/stm32f3xx_hal_i2c.o
HAL_I2C_Master_Transmit                           D:\Users\Ma-Game\Documents\Mathis\Programmation\C++\Deep-Learning\Example-STM32_Nucleo\ARM\Release/stm32f3xx_hal_i2c.o
HAL_I2C_Master_Transmit_DMA                       D:\Users\Ma-Game\Documents\Mathis\Programmation\C++\Deep-Learning\Example-STM32_Nucleo\ARM\Release/stm32f3xx_hal_i2c.o
HAL_I2C_Master_Transmit_IT                        D:\Users\Ma-Game\Documents\Mathis\Programmation\C++\Deep-Learning\Example-STM32_Nucleo\ARM\Release/stm32f3xx_hal_i2c.o
HAL_I2C_MemRxCpltCallback                         D:\Users\Ma-Game\Documents\Mathis\Programmation\C++\Deep-Learning\Example-STM32_Nucleo\ARM\Release/stm32f3xx_hal_i2c.o
HAL_I2C_MemTxCpltCallback                         D:\Users\Ma-Game\Documents\Mathis\Programmation\C++\Deep-Learning\Example-STM32_Nucleo\ARM\Release/stm32f3xx_hal_i2c.o
HAL_I2C_Mem_Read                                  D:\Users\Ma-Game\Documents\Mathis\Programmation\C++\Deep-Learning\Example-STM32_Nucleo\ARM\Release/stm32f3xx_hal_i2c.o
HAL_I2C_Mem_Read_DMA                              D:\Users\Ma-Game\Documents\Mathis\Programmation\C++\Deep-Learning\Example-STM32_Nucleo\ARM\Release/stm32f3xx_hal_i2c.o
HAL_I2C_Mem_Read_IT                               D:\Users\Ma-Game\Documents\Mathis\Programmation\C++\Deep-Learning\Example-STM32_Nucleo\ARM\Release/stm32f3xx_hal_i2c.o
HAL_I2C_Mem_Write                                 D:\Users\Ma-Game\Documents\Mathis\Programmation\C++\Deep-Learning\Example-STM32_Nucleo\ARM\Release/stm32f3xx_hal_i2c.o
HAL_I2C_Mem_Write_DMA                             D:\Users\Ma-Game\Documents\Mathis\Programmation\C++\Deep-Learning\Example-STM32_Nucleo\ARM\Release/stm32f3xx_hal_i2c.o
HAL_I2C_Mem_Write_IT                              D:\Users\Ma-Game\Documents\Mathis\Programmation\C++\Deep-Learning\Example-STM32_Nucleo\ARM\Release/stm32f3xx_hal_i2c.o
HAL_I2C_MspDeInit                                 D:\Users\Ma-Game\Documents\Mathis\Programmation\C++\Deep-Learning\Example-STM32_Nucleo\ARM\Release/stm32f3xx_hal_i2c.o
HAL_I2C_MspInit                                   D:\Users\Ma-Game\Documents\Mathis\Programmation\C++\Deep-Learning\Example-STM32_Nucleo\ARM\Release/stm32f3xx_hal_i2c.o
HAL_I2C_SlaveRxCpltCallback                       D:\Users\Ma-Game\Documents\Mathis\Programmation\C++\Deep-Learning\Example-STM32_Nucleo\ARM\Release/stm32f3xx_hal_i2c.o
HAL_I2C_SlaveTxCpltCallback                       D:\Users\Ma-Game\Documents\Mathis\Programmation\C++\Deep-Learning\Example-STM32_Nucleo\ARM\Release/stm32f3xx_hal_i2c.o
HAL_I2C_Slave_Receive                             D:\Users\Ma-Game\Documents\Mathis\Programmation\C++\Deep-Learning\Example-STM32_Nucleo\ARM\Release/stm32f3xx_hal_i2c.o
HAL_I2C_Slave_Receive_DMA                         D:\Users\Ma-Game\Documents\Mathis\Programmation\C++\Deep-Learning\Example-STM32_Nucleo\ARM\Release/stm32f3xx_hal_i2c.o
HAL_I2C_Slave_Receive_IT                          D:\Users\Ma-Game\Documents\Mathis\Programmation\C++\Deep-Learning\Example-STM32_Nucleo\ARM\Release/stm32f3xx_hal_i2c.o
HAL_I2C_Slave_Seq_Receive_DMA                     D:\Users\Ma-Game\Documents\Mathis\Programmation\C++\Deep-Learning\Example-STM32_Nucleo\ARM\Release/stm32f3xx_hal_i2c.o
HAL_I2C_Slave_Seq_Receive_IT                      D:\Users\Ma-Game\Documents\Mathis\Programmation\C++\Deep-Learning\Example-STM32_Nucleo\ARM\Release/stm32f3xx_hal_i2c.o
HAL_I2C_Slave_Seq_Transmit_DMA                    D:\Users\Ma-Game\Documents\Mathis\Programmation\C++\Deep-Learning\Example-STM32_Nucleo\ARM\Release/stm32f3xx_hal_i2c.o
HAL_I2C_Slave_Seq_Transmit_IT                     D:\Users\Ma-Game\Documents\Mathis\Programmation\C++\Deep-Learning\Example-STM32_Nucleo\ARM\Release/stm32f3xx_hal_i2c.o
HAL_I2C_Slave_Transmit                            D:\Users\Ma-Game\Documents\Mathis\Programmation\C++\Deep-Learning\Example-STM32_Nucleo\ARM\Release/stm32f3xx_hal_i2c.o
HAL_I2C_Slave_Transmit_DMA                        D:\Users\Ma-Game\Documents\Mathis\Programmation\C++\Deep-Learning\Example-STM32_Nucleo\ARM\Release/stm32f3xx_hal_i2c.o
HAL_I2C_Slave_Transmit_IT                         D:\Users\Ma-Game\Documents\Mathis\Programmation\C++\Deep-Learning\Example-STM32_Nucleo\ARM\Release/stm32f3xx_hal_i2c.o
HAL_IncTick                                       D:\Users\Ma-Game\Documents\Mathis\Programmation\C++\Deep-Learning\Example-STM32_Nucleo\ARM\Release/stm32f3xx_hal.o
                                                  D:\Users\Ma-Game\Documents\Mathis\Programmation\C++\Deep-Learning\Example-STM32_Nucleo\ARM\Release/stm32f3xx_it.o
HAL_Init                                          D:\Users\Ma-Game\Documents\Mathis\Programmation\C++\Deep-Learning\Example-STM32_Nucleo\ARM\Release/stm32f3xx_hal.o
                                                  D:\Users\Ma-Game\Documents\Mathis\Programmation\C++\Deep-Learning\Example-STM32_Nucleo\ARM\Release/main.o
HAL_InitTick                                      D:\Users\Ma-Game\Documents\Mathis\Programmation\C++\Deep-Learning\Example-STM32_Nucleo\ARM\Release/stm32f3xx_hal.o
                                                  D:\Users\Ma-Game\Documents\Mathis\Programmation\C++\Deep-Learning\Example-STM32_Nucleo\ARM\Release/stm32f3xx_hal_rcc.o
HAL_LIN_Init                                      D:\Users\Ma-Game\Documents\Mathis\Programmation\C++\Deep-Learning\Example-STM32_Nucleo\ARM\Release/stm32f3xx_hal_uart.o
HAL_LIN_SendBreak                                 D:\Users\Ma-Game\Documents\Mathis\Programmation\C++\Deep-Learning\Example-STM32_Nucleo\ARM\Release/stm32f3xx_hal_uart.o
HAL_MspDeInit                                     D:\Users\Ma-Game\Documents\Mathis\Programmation\C++\Deep-Learning\Example-STM32_Nucleo\ARM\Release/stm32f3xx_hal.o
HAL_MspInit                                       D:\Users\Ma-Game\Documents\Mathis\Programmation\C++\Deep-Learning\Example-STM32_Nucleo\ARM\Release/stm32f3xx_hal_msp.o
HAL_MultiProcessorEx_AddressLength_Set            D:\Users\Ma-Game\Documents\Mathis\Programmation\C++\Deep-Learning\Example-STM32_Nucleo\ARM\Release/stm32f3xx_hal_uart_ex.o
HAL_MultiProcessor_DisableMuteMode                D:\Users\Ma-Game\Documents\Mathis\Programmation\C++\Deep-Learning\Example-STM32_Nucleo\ARM\Release/stm32f3xx_hal_uart.o
HAL_MultiProcessor_EnableMuteMode                 D:\Users\Ma-Game\Documents\Mathis\Programmation\C++\Deep-Learning\Example-STM32_Nucleo\ARM\Release/stm32f3xx_hal_uart.o
HAL_MultiProcessor_EnterMuteMode                  D:\Users\Ma-Game\Documents\Mathis\Programmation\C++\Deep-Learning\Example-STM32_Nucleo\ARM\Release/stm32f3xx_hal_uart.o
HAL_MultiProcessor_Init                           D:\Users\Ma-Game\Documents\Mathis\Programmation\C++\Deep-Learning\Example-STM32_Nucleo\ARM\Release/stm32f3xx_hal_uart.o
HAL_NVIC_ClearPendingIRQ                          D:\Users\Ma-Game\Documents\Mathis\Programmation\C++\Deep-Learning\Example-STM32_Nucleo\ARM\Release/stm32f3xx_hal_cortex.o
HAL_NVIC_DisableIRQ                               D:\Users\Ma-Game\Documents\Mathis\Programmation\C++\Deep-Learning\Example-STM32_Nucleo\ARM\Release/stm32f3xx_hal_cortex.o
HAL_NVIC_EnableIRQ                                D:\Users\Ma-Game\Documents\Mathis\Programmation\C++\Deep-Learning\Example-STM32_Nucleo\ARM\Release/stm32f3xx_hal_cortex.o
HAL_NVIC_GetActive                                D:\Users\Ma-Game\Documents\Mathis\Programmation\C++\Deep-Learning\Example-STM32_Nucleo\ARM\Release/stm32f3xx_hal_cortex.o
HAL_NVIC_GetPendingIRQ                            D:\Users\Ma-Game\Documents\Mathis\Programmation\C++\Deep-Learning\Example-STM32_Nucleo\ARM\Release/stm32f3xx_hal_cortex.o
HAL_NVIC_GetPriority                              D:\Users\Ma-Game\Documents\Mathis\Programmation\C++\Deep-Learning\Example-STM32_Nucleo\ARM\Release/stm32f3xx_hal_cortex.o
HAL_NVIC_GetPriorityGrouping                      D:\Users\Ma-Game\Documents\Mathis\Programmation\C++\Deep-Learning\Example-STM32_Nucleo\ARM\Release/stm32f3xx_hal_cortex.o
HAL_NVIC_SetPendingIRQ                            D:\Users\Ma-Game\Documents\Mathis\Programmation\C++\Deep-Learning\Example-STM32_Nucleo\ARM\Release/stm32f3xx_hal_cortex.o
HAL_NVIC_SetPriority                              D:\Users\Ma-Game\Documents\Mathis\Programmation\C++\Deep-Learning\Example-STM32_Nucleo\ARM\Release/stm32f3xx_hal_cortex.o
                                                  D:\Users\Ma-Game\Documents\Mathis\Programmation\C++\Deep-Learning\Example-STM32_Nucleo\ARM\Release/stm32f3xx_hal.o
HAL_NVIC_SetPriorityGrouping                      D:\Users\Ma-Game\Documents\Mathis\Programmation\C++\Deep-Learning\Example-STM32_Nucleo\ARM\Release/stm32f3xx_hal_cortex.o
                                                  D:\Users\Ma-Game\Documents\Mathis\Programmation\C++\Deep-Learning\Example-STM32_Nucleo\ARM\Release/stm32f3xx_hal.o
HAL_NVIC_SystemReset                              D:\Users\Ma-Game\Documents\Mathis\Programmation\C++\Deep-Learning\Example-STM32_Nucleo\ARM\Release/stm32f3xx_hal_cortex.o
HAL_PWR_ConfigPVD                                 D:\Users\Ma-Game\Documents\Mathis\Programmation\C++\Deep-Learning\Example-STM32_Nucleo\ARM\Release/stm32f3xx_hal_pwr_ex.o
HAL_PWR_DeInit                                    D:\Users\Ma-Game\Documents\Mathis\Programmation\C++\Deep-Learning\Example-STM32_Nucleo\ARM\Release/stm32f3xx_hal_pwr.o
HAL_PWR_DisableBkUpAccess                         D:\Users\Ma-Game\Documents\Mathis\Programmation\C++\Deep-Learning\Example-STM32_Nucleo\ARM\Release/stm32f3xx_hal_pwr.o
HAL_PWR_DisablePVD                                D:\Users\Ma-Game\Documents\Mathis\Programmation\C++\Deep-Learning\Example-STM32_Nucleo\ARM\Release/stm32f3xx_hal_pwr_ex.o
HAL_PWR_DisableSEVOnPend                          D:\Users\Ma-Game\Documents\Mathis\Programmation\C++\Deep-Learning\Example-STM32_Nucleo\ARM\Release/stm32f3xx_hal_pwr.o
HAL_PWR_DisableSleepOnExit                        D:\Users\Ma-Game\Documents\Mathis\Programmation\C++\Deep-Learning\Example-STM32_Nucleo\ARM\Release/stm32f3xx_hal_pwr.o
HAL_PWR_DisableWakeUpPin                          D:\Users\Ma-Game\Documents\Mathis\Programmation\C++\Deep-Learning\Example-STM32_Nucleo\ARM\Release/stm32f3xx_hal_pwr.o
HAL_PWR_EnableBkUpAccess                          D:\Users\Ma-Game\Documents\Mathis\Programmation\C++\Deep-Learning\Example-STM32_Nucleo\ARM\Release/stm32f3xx_hal_pwr.o
HAL_PWR_EnablePVD                                 D:\Users\Ma-Game\Documents\Mathis\Programmation\C++\Deep-Learning\Example-STM32_Nucleo\ARM\Release/stm32f3xx_hal_pwr_ex.o
HAL_PWR_EnableSEVOnPend                           D:\Users\Ma-Game\Documents\Mathis\Programmation\C++\Deep-Learning\Example-STM32_Nucleo\ARM\Release/stm32f3xx_hal_pwr.o
HAL_PWR_EnableSleepOnExit                         D:\Users\Ma-Game\Documents\Mathis\Programmation\C++\Deep-Learning\Example-STM32_Nucleo\ARM\Release/stm32f3xx_hal_pwr.o
HAL_PWR_EnableWakeUpPin                           D:\Users\Ma-Game\Documents\Mathis\Programmation\C++\Deep-Learning\Example-STM32_Nucleo\ARM\Release/stm32f3xx_hal_pwr.o
HAL_PWR_EnterSLEEPMode                            D:\Users\Ma-Game\Documents\Mathis\Programmation\C++\Deep-Learning\Example-STM32_Nucleo\ARM\Release/stm32f3xx_hal_pwr.o
HAL_PWR_EnterSTANDBYMode                          D:\Users\Ma-Game\Documents\Mathis\Programmation\C++\Deep-Learning\Example-STM32_Nucleo\ARM\Release/stm32f3xx_hal_pwr.o
HAL_PWR_EnterSTOPMode                             D:\Users\Ma-Game\Documents\Mathis\Programmation\C++\Deep-Learning\Example-STM32_Nucleo\ARM\Release/stm32f3xx_hal_pwr.o
HAL_PWR_PVDCallback                               D:\Users\Ma-Game\Documents\Mathis\Programmation\C++\Deep-Learning\Example-STM32_Nucleo\ARM\Release/stm32f3xx_hal_pwr_ex.o
HAL_PWR_PVD_IRQHandler                            D:\Users\Ma-Game\Documents\Mathis\Programmation\C++\Deep-Learning\Example-STM32_Nucleo\ARM\Release/stm32f3xx_hal_pwr_ex.o
HAL_RCCEx_GetPeriphCLKConfig                      D:\Users\Ma-Game\Documents\Mathis\Programmation\C++\Deep-Learning\Example-STM32_Nucleo\ARM\Release/stm32f3xx_hal_rcc_ex.o
HAL_RCCEx_GetPeriphCLKFreq                        D:\Users\Ma-Game\Documents\Mathis\Programmation\C++\Deep-Learning\Example-STM32_Nucleo\ARM\Release/stm32f3xx_hal_rcc_ex.o
HAL_RCCEx_PeriphCLKConfig                         D:\Users\Ma-Game\Documents\Mathis\Programmation\C++\Deep-Learning\Example-STM32_Nucleo\ARM\Release/stm32f3xx_hal_rcc_ex.o
HAL_RCC_CSSCallback                               D:\Users\Ma-Game\Documents\Mathis\Programmation\C++\Deep-Learning\Example-STM32_Nucleo\ARM\Release/stm32f3xx_hal_rcc.o
HAL_RCC_ClockConfig                               D:\Users\Ma-Game\Documents\Mathis\Programmation\C++\Deep-Learning\Example-STM32_Nucleo\ARM\Release/stm32f3xx_hal_rcc.o
                                                  D:\Users\Ma-Game\Documents\Mathis\Programmation\C++\Deep-Learning\Example-STM32_Nucleo\ARM\Release/main.o
HAL_RCC_DeInit                                    D:\Users\Ma-Game\Documents\Mathis\Programmation\C++\Deep-Learning\Example-STM32_Nucleo\ARM\Release/stm32f3xx_hal_rcc.o
HAL_RCC_DisableCSS                                D:\Users\Ma-Game\Documents\Mathis\Programmation\C++\Deep-Learning\Example-STM32_Nucleo\ARM\Release/stm32f3xx_hal_rcc.o
HAL_RCC_EnableCSS                                 D:\Users\Ma-Game\Documents\Mathis\Programmation\C++\Deep-Learning\Example-STM32_Nucleo\ARM\Release/stm32f3xx_hal_rcc.o
HAL_RCC_GetClockConfig                            D:\Users\Ma-Game\Documents\Mathis\Programmation\C++\Deep-Learning\Example-STM32_Nucleo\ARM\Release/stm32f3xx_hal_rcc.o
HAL_RCC_GetHCLKFreq                               D:\Users\Ma-Game\Documents\Mathis\Programmation\C++\Deep-Learning\Example-STM32_Nucleo\ARM\Release/stm32f3xx_hal_rcc.o
HAL_RCC_GetOscConfig                              D:\Users\Ma-Game\Documents\Mathis\Programmation\C++\Deep-Learning\Example-STM32_Nucleo\ARM\Release/stm32f3xx_hal_rcc.o
HAL_RCC_GetPCLK1Freq                              D:\Users\Ma-Game\Documents\Mathis\Programmation\C++\Deep-Learning\Example-STM32_Nucleo\ARM\Release/stm32f3xx_hal_rcc.o
                                                  D:\Users\Ma-Game\Documents\Mathis\Programmation\C++\Deep-Learning\Example-STM32_Nucleo\ARM\Release/stm32f3xx_hal_rcc_ex.o
                                                  D:\Users\Ma-Game\Documents\Mathis\Programmation\C++\Deep-Learning\Example-STM32_Nucleo\ARM\Release/stm32f3xx_hal_uart.o
HAL_RCC_GetPCLK2Freq                              D:\Users\Ma-Game\Documents\Mathis\Programmation\C++\Deep-Learning\Example-STM32_Nucleo\ARM\Release/stm32f3xx_hal_rcc.o
                                                  D:\Users\Ma-Game\Documents\Mathis\Programmation\C++\Deep-Learning\Example-STM32_Nucleo\ARM\Release/stm32f3xx_hal_uart.o
HAL_RCC_GetSysClockFreq                           D:\Users\Ma-Game\Documents\Mathis\Programmation\C++\Deep-Learning\Example-STM32_Nucleo\ARM\Release/stm32f3xx_hal_rcc.o
                                                  D:\Users\Ma-Game\Documents\Mathis\Programmation\C++\Deep-Learning\Example-STM32_Nucleo\ARM\Release/stm32f3xx_hal_rcc_ex.o
                                                  D:\Users\Ma-Game\Documents\Mathis\Programmation\C++\Deep-Learning\Example-STM32_Nucleo\ARM\Release/stm32f3xx_hal_uart.o
HAL_RCC_MCOConfig                                 D:\Users\Ma-Game\Documents\Mathis\Programmation\C++\Deep-Learning\Example-STM32_Nucleo\ARM\Release/stm32f3xx_hal_rcc.o
HAL_RCC_NMI_IRQHandler                            D:\Users\Ma-Game\Documents\Mathis\Programmation\C++\Deep-Learning\Example-STM32_Nucleo\ARM\Release/stm32f3xx_hal_rcc.o
HAL_RCC_OscConfig                                 D:\Users\Ma-Game\Documents\Mathis\Programmation\C++\Deep-Learning\Example-STM32_Nucleo\ARM\Release/stm32f3xx_hal_rcc.o
                                                  D:\Users\Ma-Game\Documents\Mathis\Programmation\C++\Deep-Learning\Example-STM32_Nucleo\ARM\Release/main.o
HAL_RS485Ex_Init                                  D:\Users\Ma-Game\Documents\Mathis\Programmation\C++\Deep-Learning\Example-STM32_Nucleo\ARM\Release/stm32f3xx_hal_uart_ex.o
HAL_ResumeTick                                    D:\Users\Ma-Game\Documents\Mathis\Programmation\C++\Deep-Learning\Example-STM32_Nucleo\ARM\Release/stm32f3xx_hal.o
HAL_SYSTICK_CLKSourceConfig                       D:\Users\Ma-Game\Documents\Mathis\Programmation\C++\Deep-Learning\Example-STM32_Nucleo\ARM\Release/stm32f3xx_hal_cortex.o
HAL_SYSTICK_Callback                              D:\Users\Ma-Game\Documents\Mathis\Programmation\C++\Deep-Learning\Example-STM32_Nucleo\ARM\Release/stm32f3xx_hal_cortex.o
HAL_SYSTICK_Config                                D:\Users\Ma-Game\Documents\Mathis\Programmation\C++\Deep-Learning\Example-STM32_Nucleo\ARM\Release/stm32f3xx_hal_cortex.o
                                                  D:\Users\Ma-Game\Documents\Mathis\Programmation\C++\Deep-Learning\Example-STM32_Nucleo\ARM\Release/stm32f3xx_hal.o
HAL_SYSTICK_IRQHandler                            D:\Users\Ma-Game\Documents\Mathis\Programmation\C++\Deep-Learning\Example-STM32_Nucleo\ARM\Release/stm32f3xx_hal_cortex.o
HAL_SetTickFreq                                   D:\Users\Ma-Game\Documents\Mathis\Programmation\C++\Deep-Learning\Example-STM32_Nucleo\ARM\Release/stm32f3xx_hal.o
HAL_SuspendTick                                   D:\Users\Ma-Game\Documents\Mathis\Programmation\C++\Deep-Learning\Example-STM32_Nucleo\ARM\Release/stm32f3xx_hal.o
HAL_UARTEx_DisableStopMode                        D:\Users\Ma-Game\Documents\Mathis\Programmation\C++\Deep-Learning\Example-STM32_Nucleo\ARM\Release/stm32f3xx_hal_uart_ex.o
HAL_UARTEx_EnableStopMode                         D:\Users\Ma-Game\Documents\Mathis\Programmation\C++\Deep-Learning\Example-STM32_Nucleo\ARM\Release/stm32f3xx_hal_uart_ex.o
HAL_UARTEx_StopModeWakeUpSourceConfig             D:\Users\Ma-Game\Documents\Mathis\Programmation\C++\Deep-Learning\Example-STM32_Nucleo\ARM\Release/stm32f3xx_hal_uart_ex.o
HAL_UARTEx_WakeupCallback                         D:\Users\Ma-Game\Documents\Mathis\Programmation\C++\Deep-Learning\Example-STM32_Nucleo\ARM\Release/stm32f3xx_hal_uart_ex.o
                                                  D:\Users\Ma-Game\Documents\Mathis\Programmation\C++\Deep-Learning\Example-STM32_Nucleo\ARM\Release/stm32f3xx_hal_uart.o
HAL_UART_Abort                                    D:\Users\Ma-Game\Documents\Mathis\Programmation\C++\Deep-Learning\Example-STM32_Nucleo\ARM\Release/stm32f3xx_hal_uart.o
HAL_UART_AbortCpltCallback                        D:\Users\Ma-Game\Documents\Mathis\Programmation\C++\Deep-Learning\Example-STM32_Nucleo\ARM\Release/stm32f3xx_hal_uart.o
HAL_UART_AbortReceive                             D:\Users\Ma-Game\Documents\Mathis\Programmation\C++\Deep-Learning\Example-STM32_Nucleo\ARM\Release/stm32f3xx_hal_uart.o
HAL_UART_AbortReceiveCpltCallback                 D:\Users\Ma-Game\Documents\Mathis\Programmation\C++\Deep-Learning\Example-STM32_Nucleo\ARM\Release/stm32f3xx_hal_uart.o
HAL_UART_AbortReceive_IT                          D:\Users\Ma-Game\Documents\Mathis\Programmation\C++\Deep-Learning\Example-STM32_Nucleo\ARM\Release/stm32f3xx_hal_uart.o
HAL_UART_AbortTransmit                            D:\Users\Ma-Game\Documents\Mathis\Programmation\C++\Deep-Learning\Example-STM32_Nucleo\ARM\Release/stm32f3xx_hal_uart.o
HAL_UART_AbortTransmitCpltCallback                D:\Users\Ma-Game\Documents\Mathis\Programmation\C++\Deep-Learning\Example-STM32_Nucleo\ARM\Release/stm32f3xx_hal_uart.o
HAL_UART_AbortTransmit_IT                         D:\Users\Ma-Game\Documents\Mathis\Programmation\C++\Deep-Learning\Example-STM32_Nucleo\ARM\Release/stm32f3xx_hal_uart.o
HAL_UART_Abort_IT                                 D:\Users\Ma-Game\Documents\Mathis\Programmation\C++\Deep-Learning\Example-STM32_Nucleo\ARM\Release/stm32f3xx_hal_uart.o
HAL_UART_DMAPause                                 D:\Users\Ma-Game\Documents\Mathis\Programmation\C++\Deep-Learning\Example-STM32_Nucleo\ARM\Release/stm32f3xx_hal_uart.o
HAL_UART_DMAResume                                D:\Users\Ma-Game\Documents\Mathis\Programmation\C++\Deep-Learning\Example-STM32_Nucleo\ARM\Release/stm32f3xx_hal_uart.o
HAL_UART_DMAStop                                  D:\Users\Ma-Game\Documents\Mathis\Programmation\C++\Deep-Learning\Example-STM32_Nucleo\ARM\Release/stm32f3xx_hal_uart.o
HAL_UART_DeInit                                   D:\Users\Ma-Game\Documents\Mathis\Programmation\C++\Deep-Learning\Example-STM32_Nucleo\ARM\Release/stm32f3xx_hal_uart.o
HAL_UART_DisableReceiverTimeout                   D:\Users\Ma-Game\Documents\Mathis\Programmation\C++\Deep-Learning\Example-STM32_Nucleo\ARM\Release/stm32f3xx_hal_uart.o
HAL_UART_EnableReceiverTimeout                    D:\Users\Ma-Game\Documents\Mathis\Programmation\C++\Deep-Learning\Example-STM32_Nucleo\ARM\Release/stm32f3xx_hal_uart.o
HAL_UART_ErrorCallback                            D:\Users\Ma-Game\Documents\Mathis\Programmation\C++\Deep-Learning\Example-STM32_Nucleo\ARM\Release/stm32f3xx_hal_uart.o
HAL_UART_GetError                                 D:\Users\Ma-Game\Documents\Mathis\Programmation\C++\Deep-Learning\Example-STM32_Nucleo\ARM\Release/stm32f3xx_hal_uart.o
HAL_UART_GetState                                 D:\Users\Ma-Game\Documents\Mathis\Programmation\C++\Deep-Learning\Example-STM32_Nucleo\ARM\Release/stm32f3xx_hal_uart.o
HAL_UART_IRQHandler                               D:\Users\Ma-Game\Documents\Mathis\Programmation\C++\Deep-Learning\Example-STM32_Nucleo\ARM\Release/stm32f3xx_hal_uart.o
HAL_UART_Init                                     D:\Users\Ma-Game\Documents\Mathis\Programmation\C++\Deep-Learning\Example-STM32_Nucleo\ARM\Release/stm32f3xx_hal_uart.o
                                                  D:\Users\Ma-Game\Documents\Mathis\Programmation\C++\Deep-Learning\Example-STM32_Nucleo\ARM\Release/main.o
HAL_UART_MspDeInit                                D:\Users\Ma-Game\Documents\Mathis\Programmation\C++\Deep-Learning\Example-STM32_Nucleo\ARM\Release/stm32f3xx_hal_msp.o
HAL_UART_MspInit                                  D:\Users\Ma-Game\Documents\Mathis\Programmation\C++\Deep-Learning\Example-STM32_Nucleo\ARM\Release/stm32f3xx_hal_msp.o
                                                  D:\Users\Ma-Game\Documents\Mathis\Programmation\C++\Deep-Learning\Example-STM32_Nucleo\ARM\Release/stm32f3xx_hal_uart_ex.o
HAL_UART_Receive                                  D:\Users\Ma-Game\Documents\Mathis\Programmation\C++\Deep-Learning\Example-STM32_Nucleo\ARM\Release/stm32f3xx_hal_uart.o
HAL_UART_Receive_DMA                              D:\Users\Ma-Game\Documents\Mathis\Programmation\C++\Deep-Learning\Example-STM32_Nucleo\ARM\Release/stm32f3xx_hal_uart.o
HAL_UART_Receive_IT                               D:\Users\Ma-Game\Documents\Mathis\Programmation\C++\Deep-Learning\Example-STM32_Nucleo\ARM\Release/stm32f3xx_hal_uart.o